
**** Build of configuration Debug for project Casio_watch ****

Nothing to build for project Casio_watch
21:46:43 **** Auto Build of configuration Debug for project Casio_watch ****
make pre-build main-build 
a9-linaro-pre-build-step
 
Building file: ../src/src/main.c
Invoking: ARM v7 gcc compiler
arm-none-eabi-gcc -Wall -O0 -g3 -c -fmessage-length=0 -MT"src/src/main.o" -mcpu=cortex-a9 -mfpu=vfpv3 -mfloat-abi=hard -I../../Casio_watch_bsp/ps7_cortexa9_0/include -MMD -MP -MF"src/src/main.d" -MT"src/src/main.o" -o "src/src/main.o" "../src/src/main.c"
In file included from ../src/src/main.c:32:0:
../../Casio_watch_bsp/ps7_cortexa9_0/include/xtime_l.h:89:9: note: #pragma message: For the sleep routines, Global timer is being used
 #pragma message ("For the sleep routines, Global timer is being used")
         ^~~~~~~
../src/src/main.c: In function 'main':
../src/src/main.c:288:55: warning: passing argument 3 of 'IntcInitFunction' from incompatible pointer type [-Wincompatible-pointer-types]
   status = IntcInitFunction(INTC_DEVICE_ID, &TMRInst, &TMRInst1, &BTNInst);
                                                       ^
../src/src/main.c:85:5: note: expected 'XGpio * {aka struct <anonymous> *}' but argument is of type 'XTmrCtr * {aka struct <anonymous> *}'
 int IntcInitFunction(u16 DeviceId, XTmrCtr *TmrInstancePtr, XGpio *GpioInstancePtr);
     ^~~~~~~~~~~~~~~~
../src/src/main.c:288:12: error: too many arguments to function 'IntcInitFunction'
   status = IntcInitFunction(INTC_DEVICE_ID, &TMRInst, &TMRInst1, &BTNInst);
            ^~~~~~~~~~~~~~~~
../src/src/main.c:85:5: note: declared here
 int IntcInitFunction(u16 DeviceId, XTmrCtr *TmrInstancePtr, XGpio *GpioInstancePtr);
     ^~~~~~~~~~~~~~~~
make: *** [src/src/subdir.mk:23: src/src/main.o] Error 1
21:46:53 **** Clean-only build of configuration Debug for project Casio_watch ****
make clean 
rm -rf ./src/src/main.o ./src/src/watch_functions.o ./src/src/main.d ./src/src/watch_functions.d Casio_watch.elf.size  Casio_watch.elf
 
21:46:54 **** Auto Build of configuration Debug for project Casio_watch ****
make pre-build main-build 
a9-linaro-pre-build-step
 
Building file: ../src/main.c
Invoking: ARM v7 gcc compiler
arm-none-eabi-gcc -Wall -O0 -g3 -c -fmessage-length=0 -MT"src/main.o" -mcpu=cortex-a9 -mfpu=vfpv3 -mfloat-abi=hard -I../../Casio_watch_bsp/ps7_cortexa9_0/include -MMD -MP -MF"src/main.d" -MT"src/main.o" -o "src/main.o" "../src/main.c"
In file included from ../src/main.c:32:0:
../../Casio_watch_bsp/ps7_cortexa9_0/include/xtime_l.h:89:9: note: #pragma message: For the sleep routines, Global timer is being used
 #pragma message ("For the sleep routines, Global timer is being used")
         ^~~~~~~
../src/main.c: In function 'main':
../src/main.c:288:55: warning: passing argument 3 of 'IntcInitFunction' from incompatible pointer type [-Wincompatible-pointer-types]
   status = IntcInitFunction(INTC_DEVICE_ID, &TMRInst, &TMRInst1, &BTNInst);
                                                       ^
../src/main.c:85:5: note: expected 'XGpio * {aka struct <anonymous> *}' but argument is of type 'XTmrCtr * {aka struct <anonymous> *}'
 int IntcInitFunction(u16 DeviceId, XTmrCtr *TmrInstancePtr, XGpio *GpioInstancePtr);
     ^~~~~~~~~~~~~~~~
../src/main.c:288:12: error: too many arguments to function 'IntcInitFunction'
   status = IntcInitFunction(INTC_DEVICE_ID, &TMRInst, &TMRInst1, &BTNInst);
            ^~~~~~~~~~~~~~~~
../src/main.c:85:5: note: declared here
 int IntcInitFunction(u16 DeviceId, XTmrCtr *TmrInstancePtr, XGpio *GpioInstancePtr);
     ^~~~~~~~~~~~~~~~
make: *** [src/subdir.mk:26: src/main.o] Error 1
21:46:58 **** Auto Build of configuration Debug for project Casio_watch ****
make pre-build main-build 
a9-linaro-pre-build-step
 
Building file: ../src/main.c
Invoking: ARM v7 gcc compiler
arm-none-eabi-gcc -Wall -O0 -g3 -c -fmessage-length=0 -MT"src/main.o" -mcpu=cortex-a9 -mfpu=vfpv3 -mfloat-abi=hard -I../../Casio_watch_bsp/ps7_cortexa9_0/include -MMD -MP -MF"src/main.d" -MT"src/main.o" -o "src/main.o" "../src/main.c"
In file included from ../src/main.c:32:0:
../../Casio_watch_bsp/ps7_cortexa9_0/include/xtime_l.h:89:9: note: #pragma message: For the sleep routines, Global timer is being used
 #pragma message ("For the sleep routines, Global timer is being used")
         ^~~~~~~
../src/main.c: In function 'main':
../src/main.c:288:55: warning: passing argument 3 of 'IntcInitFunction' from incompatible pointer type [-Wincompatible-pointer-types]
   status = IntcInitFunction(INTC_DEVICE_ID, &TMRInst, &TMRInst1, &BTNInst);
                                                       ^
../src/main.c:85:5: note: expected 'XGpio * {aka struct <anonymous> *}' but argument is of type 'XTmrCtr * {aka struct <anonymous> *}'
 int IntcInitFunction(u16 DeviceId, XTmrCtr *TmrInstancePtr, XGpio *GpioInstancePtr);
     ^~~~~~~~~~~~~~~~
../src/main.c:288:12: error: too many arguments to function 'IntcInitFunction'
   status = IntcInitFunction(INTC_DEVICE_ID, &TMRInst, &TMRInst1, &BTNInst);
            ^~~~~~~~~~~~~~~~
../src/main.c:85:5: note: declared here
 int IntcInitFunction(u16 DeviceId, XTmrCtr *TmrInstancePtr, XGpio *GpioInstancePtr);
     ^~~~~~~~~~~~~~~~
make: *** [src/subdir.mk:26: src/main.o] Error 1
21:47:06 **** Auto Build of project Casio_watch_bsp ****
make -k all 
Running Make include in ps7_cortexa9_0/libsrc/coresightps_dcc_v1_4/src
make -C ps7_cortexa9_0/libsrc/coresightps_dcc_v1_4/src -s include  "SHELL=/bin/sh" "COMPILER=arm-none-eabi-gcc" "ARCHIVER=arm-none-eabi-ar" "COMPILER_FLAGS=  -O2 -c" "EXTRA_COMPILER_FLAGS=-mcpu=cortex-a9 -mfpu=vfpv3 -mfloat-abi=hard -nostartfiles -g -Wall -Wextra"
Running Make include in ps7_cortexa9_0/libsrc/cpu_cortexa9_v2_6/src
make -C ps7_cortexa9_0/libsrc/cpu_cortexa9_v2_6/src -s include  "SHELL=/bin/sh" "COMPILER=arm-none-eabi-gcc" "ARCHIVER=arm-none-eabi-ar" "COMPILER_FLAGS=  -O2 -c" "EXTRA_COMPILER_FLAGS=-mcpu=cortex-a9 -mfpu=vfpv3 -mfloat-abi=hard -nostartfiles -g -Wall -Wextra"
Running Make include in ps7_cortexa9_0/libsrc/ddrps_v1_0/src
make -C ps7_cortexa9_0/libsrc/ddrps_v1_0/src -s include  "SHELL=/bin/sh" "COMPILER=arm-none-eabi-gcc" "ARCHIVER=arm-none-eabi-ar" "COMPILER_FLAGS=  -O2 -c" "EXTRA_COMPILER_FLAGS=-mcpu=cortex-a9 -mfpu=vfpv3 -mfloat-abi=hard -nostartfiles -g -Wall -Wextra"
Running Make include in ps7_cortexa9_0/libsrc/devcfg_v3_5/src
make -C ps7_cortexa9_0/libsrc/devcfg_v3_5/src -s include  "SHELL=/bin/sh" "COMPILER=arm-none-eabi-gcc" "ARCHIVER=arm-none-eabi-ar" "COMPILER_FLAGS=  -O2 -c" "EXTRA_COMPILER_FLAGS=-mcpu=cortex-a9 -mfpu=vfpv3 -mfloat-abi=hard -nostartfiles -g -Wall -Wextra"
Running Make include in ps7_cortexa9_0/libsrc/dmaps_v2_3/src
make -C ps7_cortexa9_0/libsrc/dmaps_v2_3/src -s include  "SHELL=/bin/sh" "COMPILER=arm-none-eabi-gcc" "ARCHIVER=arm-none-eabi-ar" "COMPILER_FLAGS=  -O2 -c" "EXTRA_COMPILER_FLAGS=-mcpu=cortex-a9 -mfpu=vfpv3 -mfloat-abi=hard -nostartfiles -g -Wall -Wextra"
Running Make include in ps7_cortexa9_0/libsrc/emacps_v3_7/src
make -C ps7_cortexa9_0/libsrc/emacps_v3_7/src -s include  "SHELL=/bin/sh" "COMPILER=arm-none-eabi-gcc" "ARCHIVER=arm-none-eabi-ar" "COMPILER_FLAGS=  -O2 -c" "EXTRA_COMPILER_FLAGS=-mcpu=cortex-a9 -mfpu=vfpv3 -mfloat-abi=hard -nostartfiles -g -Wall -Wextra"
Running Make include in ps7_cortexa9_0/libsrc/gpiops_v3_3/src
make -C ps7_cortexa9_0/libsrc/gpiops_v3_3/src -s include  "SHELL=/bin/sh" "COMPILER=arm-none-eabi-gcc" "ARCHIVER=arm-none-eabi-ar" "COMPILER_FLAGS=  -O2 -c" "EXTRA_COMPILER_FLAGS=-mcpu=cortex-a9 -mfpu=vfpv3 -mfloat-abi=hard -nostartfiles -g -Wall -Wextra"
Running Make include in ps7_cortexa9_0/libsrc/gpio_v4_3/src
make -C ps7_cortexa9_0/libsrc/gpio_v4_3/src -s include  "SHELL=/bin/sh" "COMPILER=arm-none-eabi-gcc" "ARCHIVER=arm-none-eabi-ar" "COMPILER_FLAGS=  -O2 -c" "EXTRA_COMPILER_FLAGS=-mcpu=cortex-a9 -mfpu=vfpv3 -mfloat-abi=hard -nostartfiles -g -Wall -Wextra"
Running Make include in ps7_cortexa9_0/libsrc/qspips_v3_4/src
make -C ps7_cortexa9_0/libsrc/qspips_v3_4/src -s include  "SHELL=/bin/sh" "COMPILER=arm-none-eabi-gcc" "ARCHIVER=arm-none-eabi-ar" "COMPILER_FLAGS=  -O2 -c" "EXTRA_COMPILER_FLAGS=-mcpu=cortex-a9 -mfpu=vfpv3 -mfloat-abi=hard -nostartfiles -g -Wall -Wextra"
Running Make include in ps7_cortexa9_0/libsrc/scugic_v3_9/src
make -C ps7_cortexa9_0/libsrc/scugic_v3_9/src -s include  "SHELL=/bin/sh" "COMPILER=arm-none-eabi-gcc" "ARCHIVER=arm-none-eabi-ar" "COMPILER_FLAGS=  -O2 -c" "EXTRA_COMPILER_FLAGS=-mcpu=cortex-a9 -mfpu=vfpv3 -mfloat-abi=hard -nostartfiles -g -Wall -Wextra"
Running Make include in ps7_cortexa9_0/libsrc/scutimer_v2_1/src
make -C ps7_cortexa9_0/libsrc/scutimer_v2_1/src -s include  "SHELL=/bin/sh" "COMPILER=arm-none-eabi-gcc" "ARCHIVER=arm-none-eabi-ar" "COMPILER_FLAGS=  -O2 -c" "EXTRA_COMPILER_FLAGS=-mcpu=cortex-a9 -mfpu=vfpv3 -mfloat-abi=hard -nostartfiles -g -Wall -Wextra"
Running Make include in ps7_cortexa9_0/libsrc/scuwdt_v2_1/src
make -C ps7_cortexa9_0/libsrc/scuwdt_v2_1/src -s include  "SHELL=/bin/sh" "COMPILER=arm-none-eabi-gcc" "ARCHIVER=arm-none-eabi-ar" "COMPILER_FLAGS=  -O2 -c" "EXTRA_COMPILER_FLAGS=-mcpu=cortex-a9 -mfpu=vfpv3 -mfloat-abi=hard -nostartfiles -g -Wall -Wextra"
Running Make include in ps7_cortexa9_0/libsrc/sdps_v3_5/src
make -C ps7_cortexa9_0/libsrc/sdps_v3_5/src -s include  "SHELL=/bin/sh" "COMPILER=arm-none-eabi-gcc" "ARCHIVER=arm-none-eabi-ar" "COMPILER_FLAGS=  -O2 -c" "EXTRA_COMPILER_FLAGS=-mcpu=cortex-a9 -mfpu=vfpv3 -mfloat-abi=hard -nostartfiles -g -Wall -Wextra"
Running Make include in ps7_cortexa9_0/libsrc/standalone_v6_7/src
make -C ps7_cortexa9_0/libsrc/standalone_v6_7/src -s include  "SHELL=/bin/sh" "COMPILER=arm-none-eabi-gcc" "ARCHIVER=arm-none-eabi-ar" "COMPILER_FLAGS=  -O2 -c" "EXTRA_COMPILER_FLAGS=-mcpu=cortex-a9 -mfpu=vfpv3 -mfloat-abi=hard -nostartfiles -g -Wall -Wextra"
Running Make include in ps7_cortexa9_0/libsrc/tmrctr_v4_4/src
make -C ps7_cortexa9_0/libsrc/tmrctr_v4_4/src -s include  "SHELL=/bin/sh" "COMPILER=arm-none-eabi-gcc" "ARCHIVER=arm-none-eabi-ar" "COMPILER_FLAGS=  -O2 -c" "EXTRA_COMPILER_FLAGS=-mcpu=cortex-a9 -mfpu=vfpv3 -mfloat-abi=hard -nostartfiles -g -Wall -Wextra"
Running Make include in ps7_cortexa9_0/libsrc/ttcps_v3_6/src
make -C ps7_cortexa9_0/libsrc/ttcps_v3_6/src -s include  "SHELL=/bin/sh" "COMPILER=arm-none-eabi-gcc" "ARCHIVER=arm-none-eabi-ar" "COMPILER_FLAGS=  -O2 -c" "EXTRA_COMPILER_FLAGS=-mcpu=cortex-a9 -mfpu=vfpv3 -mfloat-abi=hard -nostartfiles -g -Wall -Wextra"
Running Make include in ps7_cortexa9_0/libsrc/uartps_v3_6/src
make -C ps7_cortexa9_0/libsrc/uartps_v3_6/src -s include  "SHELL=/bin/sh" "COMPILER=arm-none-eabi-gcc" "ARCHIVER=arm-none-eabi-ar" "COMPILER_FLAGS=  -O2 -c" "EXTRA_COMPILER_FLAGS=-mcpu=cortex-a9 -mfpu=vfpv3 -mfloat-abi=hard -nostartfiles -g -Wall -Wextra"
Running Make include in ps7_cortexa9_0/libsrc/usbps_v2_4/src
make -C ps7_cortexa9_0/libsrc/usbps_v2_4/src -s include  "SHELL=/bin/sh" "COMPILER=arm-none-eabi-gcc" "ARCHIVER=arm-none-eabi-ar" "COMPILER_FLAGS=  -O2 -c" "EXTRA_COMPILER_FLAGS=-mcpu=cortex-a9 -mfpu=vfpv3 -mfloat-abi=hard -nostartfiles -g -Wall -Wextra"
Running Make include in ps7_cortexa9_0/libsrc/xadcps_v2_2/src
make -C ps7_cortexa9_0/libsrc/xadcps_v2_2/src -s include  "SHELL=/bin/sh" "COMPILER=arm-none-eabi-gcc" "ARCHIVER=arm-none-eabi-ar" "COMPILER_FLAGS=  -O2 -c" "EXTRA_COMPILER_FLAGS=-mcpu=cortex-a9 -mfpu=vfpv3 -mfloat-abi=hard -nostartfiles -g -Wall -Wextra"
Running Make libs in ps7_cortexa9_0/libsrc/coresightps_dcc_v1_4/src
make -C ps7_cortexa9_0/libsrc/coresightps_dcc_v1_4/src -s libs  "SHELL=/bin/sh" "COMPILER=arm-none-eabi-gcc" "ARCHIVER=arm-none-eabi-ar" "COMPILER_FLAGS=  -O2 -c" "EXTRA_COMPILER_FLAGS=-mcpu=cortex-a9 -mfpu=vfpv3 -mfloat-abi=hard -nostartfiles -g -Wall -Wextra"
Compiling coresightps_dcc
Running Make libs in ps7_cortexa9_0/libsrc/cpu_cortexa9_v2_6/src
make -C ps7_cortexa9_0/libsrc/cpu_cortexa9_v2_6/src -s libs  "SHELL=/bin/sh" "COMPILER=arm-none-eabi-gcc" "ARCHIVER=arm-none-eabi-ar" "COMPILER_FLAGS=  -O2 -c" "EXTRA_COMPILER_FLAGS=-mcpu=cortex-a9 -mfpu=vfpv3 -mfloat-abi=hard -nostartfiles -g -Wall -Wextra"
Compiling cpu_cortexa9
Running Make libs in ps7_cortexa9_0/libsrc/ddrps_v1_0/src
make -C ps7_cortexa9_0/libsrc/ddrps_v1_0/src -s libs  "SHELL=/bin/sh" "COMPILER=arm-none-eabi-gcc" "ARCHIVER=arm-none-eabi-ar" "COMPILER_FLAGS=  -O2 -c" "EXTRA_COMPILER_FLAGS=-mcpu=cortex-a9 -mfpu=vfpv3 -mfloat-abi=hard -nostartfiles -g -Wall -Wextra"
Compiling ddrps
Running Make libs in ps7_cortexa9_0/libsrc/devcfg_v3_5/src
make -C ps7_cortexa9_0/libsrc/devcfg_v3_5/src -s libs  "SHELL=/bin/sh" "COMPILER=arm-none-eabi-gcc" "ARCHIVER=arm-none-eabi-ar" "COMPILER_FLAGS=  -O2 -c" "EXTRA_COMPILER_FLAGS=-mcpu=cortex-a9 -mfpu=vfpv3 -mfloat-abi=hard -nostartfiles -g -Wall -Wextra"
Compiling devcfg
Running Make libs in ps7_cortexa9_0/libsrc/dmaps_v2_3/src
make -C ps7_cortexa9_0/libsrc/dmaps_v2_3/src -s libs  "SHELL=/bin/sh" "COMPILER=arm-none-eabi-gcc" "ARCHIVER=arm-none-eabi-ar" "COMPILER_FLAGS=  -O2 -c" "EXTRA_COMPILER_FLAGS=-mcpu=cortex-a9 -mfpu=vfpv3 -mfloat-abi=hard -nostartfiles -g -Wall -Wextra"
Compiling dmaps
Running Make libs in ps7_cortexa9_0/libsrc/emacps_v3_7/src
make -C ps7_cortexa9_0/libsrc/emacps_v3_7/src -s libs  "SHELL=/bin/sh" "COMPILER=arm-none-eabi-gcc" "ARCHIVER=arm-none-eabi-ar" "COMPILER_FLAGS=  -O2 -c" "EXTRA_COMPILER_FLAGS=-mcpu=cortex-a9 -mfpu=vfpv3 -mfloat-abi=hard -nostartfiles -g -Wall -Wextra"
Compiling emacps
Running Make libs in ps7_cortexa9_0/libsrc/gpiops_v3_3/src
make -C ps7_cortexa9_0/libsrc/gpiops_v3_3/src -s libs  "SHELL=/bin/sh" "COMPILER=arm-none-eabi-gcc" "ARCHIVER=arm-none-eabi-ar" "COMPILER_FLAGS=  -O2 -c" "EXTRA_COMPILER_FLAGS=-mcpu=cortex-a9 -mfpu=vfpv3 -mfloat-abi=hard -nostartfiles -g -Wall -Wextra"
Compiling gpiops
Running Make libs in ps7_cortexa9_0/libsrc/gpio_v4_3/src
make -C ps7_cortexa9_0/libsrc/gpio_v4_3/src -s libs  "SHELL=/bin/sh" "COMPILER=arm-none-eabi-gcc" "ARCHIVER=arm-none-eabi-ar" "COMPILER_FLAGS=  -O2 -c" "EXTRA_COMPILER_FLAGS=-mcpu=cortex-a9 -mfpu=vfpv3 -mfloat-abi=hard -nostartfiles -g -Wall -Wextra"
Compiling gpio
Running Make libs in ps7_cortexa9_0/libsrc/qspips_v3_4/src
make -C ps7_cortexa9_0/libsrc/qspips_v3_4/src -s libs  "SHELL=/bin/sh" "COMPILER=arm-none-eabi-gcc" "ARCHIVER=arm-none-eabi-ar" "COMPILER_FLAGS=  -O2 -c" "EXTRA_COMPILER_FLAGS=-mcpu=cortex-a9 -mfpu=vfpv3 -mfloat-abi=hard -nostartfiles -g -Wall -Wextra"
Compiling qspips
Running Make libs in ps7_cortexa9_0/libsrc/scugic_v3_9/src
make -C ps7_cortexa9_0/libsrc/scugic_v3_9/src -s libs  "SHELL=/bin/sh" "COMPILER=arm-none-eabi-gcc" "ARCHIVER=arm-none-eabi-ar" "COMPILER_FLAGS=  -O2 -c" "EXTRA_COMPILER_FLAGS=-mcpu=cortex-a9 -mfpu=vfpv3 -mfloat-abi=hard -nostartfiles -g -Wall -Wextra"
Compiling scugic
Running Make libs in ps7_cortexa9_0/libsrc/scutimer_v2_1/src
make -C ps7_cortexa9_0/libsrc/scutimer_v2_1/src -s libs  "SHELL=/bin/sh" "COMPILER=arm-none-eabi-gcc" "ARCHIVER=arm-none-eabi-ar" "COMPILER_FLAGS=  -O2 -c" "EXTRA_COMPILER_FLAGS=-mcpu=cortex-a9 -mfpu=vfpv3 -mfloat-abi=hard -nostartfiles -g -Wall -Wextra"
Compiling scutimer
Running Make libs in ps7_cortexa9_0/libsrc/scuwdt_v2_1/src
make -C ps7_cortexa9_0/libsrc/scuwdt_v2_1/src -s libs  "SHELL=/bin/sh" "COMPILER=arm-none-eabi-gcc" "ARCHIVER=arm-none-eabi-ar" "COMPILER_FLAGS=  -O2 -c" "EXTRA_COMPILER_FLAGS=-mcpu=cortex-a9 -mfpu=vfpv3 -mfloat-abi=hard -nostartfiles -g -Wall -Wextra"
Compiling scuwdt
Running Make libs in ps7_cortexa9_0/libsrc/sdps_v3_5/src
make -C ps7_cortexa9_0/libsrc/sdps_v3_5/src -s libs  "SHELL=/bin/sh" "COMPILER=arm-none-eabi-gcc" "ARCHIVER=arm-none-eabi-ar" "COMPILER_FLAGS=  -O2 -c" "EXTRA_COMPILER_FLAGS=-mcpu=cortex-a9 -mfpu=vfpv3 -mfloat-abi=hard -nostartfiles -g -Wall -Wextra"
Compiling sdps
Running Make libs in ps7_cortexa9_0/libsrc/standalone_v6_7/src
make -C ps7_cortexa9_0/libsrc/standalone_v6_7/src -s libs  "SHELL=/bin/sh" "COMPILER=arm-none-eabi-gcc" "ARCHIVER=arm-none-eabi-ar" "COMPILER_FLAGS=  -O2 -c" "EXTRA_COMPILER_FLAGS=-mcpu=cortex-a9 -mfpu=vfpv3 -mfloat-abi=hard -nostartfiles -g -Wall -Wextra"
Compiling standalone
In file included from sleep.c:57:0:
xtime_l.h:89:9: note: #pragma message: For the sleep routines, Global timer is being used
 #pragma message ("For the sleep routines, Global timer is being used")
         ^~~~~~~
In file included from usleep.c:60:0:
xtime_l.h:89:9: note: #pragma message: For the sleep routines, Global timer is being used
 #pragma message ("For the sleep routines, Global timer is being used")
         ^~~~~~~
In file included from xil_sleeptimer.c:55:0:
xtime_l.h:89:9: note: #pragma message: For the sleep routines, Global timer is being used
 #pragma message ("For the sleep routines, Global timer is being used")
         ^~~~~~~
In file included from xtime_l.c:53:0:
xtime_l.h:89:9: note: #pragma message: For the sleep routines, Global timer is being used
 #pragma message ("For the sleep routines, Global timer is being used")
         ^~~~~~~
Running Make libs in ps7_cortexa9_0/libsrc/tmrctr_v4_4/src
make -C ps7_cortexa9_0/libsrc/tmrctr_v4_4/src -s libs  "SHELL=/bin/sh" "COMPILER=arm-none-eabi-gcc" "ARCHIVER=arm-none-eabi-ar" "COMPILER_FLAGS=  -O2 -c" "EXTRA_COMPILER_FLAGS=-mcpu=cortex-a9 -mfpu=vfpv3 -mfloat-abi=hard -nostartfiles -g -Wall -Wextra"
Compiling tmrctr
Running Make libs in ps7_cortexa9_0/libsrc/ttcps_v3_6/src
make -C ps7_cortexa9_0/libsrc/ttcps_v3_6/src -s libs  "SHELL=/bin/sh" "COMPILER=arm-none-eabi-gcc" "ARCHIVER=arm-none-eabi-ar" "COMPILER_FLAGS=  -O2 -c" "EXTRA_COMPILER_FLAGS=-mcpu=cortex-a9 -mfpu=vfpv3 -mfloat-abi=hard -nostartfiles -g -Wall -Wextra"
Compiling ttcps
Running Make libs in ps7_cortexa9_0/libsrc/uartps_v3_6/src
make -C ps7_cortexa9_0/libsrc/uartps_v3_6/src -s libs  "SHELL=/bin/sh" "COMPILER=arm-none-eabi-gcc" "ARCHIVER=arm-none-eabi-ar" "COMPILER_FLAGS=  -O2 -c" "EXTRA_COMPILER_FLAGS=-mcpu=cortex-a9 -mfpu=vfpv3 -mfloat-abi=hard -nostartfiles -g -Wall -Wextra"
Compiling uartps
Running Make libs in ps7_cortexa9_0/libsrc/usbps_v2_4/src
make -C ps7_cortexa9_0/libsrc/usbps_v2_4/src -s libs  "SHELL=/bin/sh" "COMPILER=arm-none-eabi-gcc" "ARCHIVER=arm-none-eabi-ar" "COMPILER_FLAGS=  -O2 -c" "EXTRA_COMPILER_FLAGS=-mcpu=cortex-a9 -mfpu=vfpv3 -mfloat-abi=hard -nostartfiles -g -Wall -Wextra"
Compiling usbps
Running Make libs in ps7_cortexa9_0/libsrc/xadcps_v2_2/src
make -C ps7_cortexa9_0/libsrc/xadcps_v2_2/src -s libs  "SHELL=/bin/sh" "COMPILER=arm-none-eabi-gcc" "ARCHIVER=arm-none-eabi-ar" "COMPILER_FLAGS=  -O2 -c" "EXTRA_COMPILER_FLAGS=-mcpu=cortex-a9 -mfpu=vfpv3 -mfloat-abi=hard -nostartfiles -g -Wall -Wextra"
Compiling xadcps
Finished building libraries
21:47:13 **** Auto Build of configuration Debug for project Casio_watch ****
make pre-build main-build 
a9-linaro-pre-build-step
 
Building file: ../src/main.c
Invoking: ARM v7 gcc compiler
arm-none-eabi-gcc -Wall -O0 -g3 -c -fmessage-length=0 -MT"src/main.o" -mcpu=cortex-a9 -mfpu=vfpv3 -mfloat-abi=hard -I../../Casio_watch_bsp/ps7_cortexa9_0/include -MMD -MP -MF"src/main.d" -MT"src/main.o" -o "src/main.o" "../src/main.c"
In file included from ../src/main.c:32:0:
../../Casio_watch_bsp/ps7_cortexa9_0/include/xtime_l.h:89:9: note: #pragma message: For the sleep routines, Global timer is being used
 #pragma message ("For the sleep routines, Global timer is being used")
         ^~~~~~~
../src/main.c: In function 'main':
../src/main.c:288:55: warning: passing argument 3 of 'IntcInitFunction' from incompatible pointer type [-Wincompatible-pointer-types]
   status = IntcInitFunction(INTC_DEVICE_ID, &TMRInst, &TMRInst1, &BTNInst);
                                                       ^
../src/main.c:85:5: note: expected 'XGpio * {aka struct <anonymous> *}' but argument is of type 'XTmrCtr * {aka struct <anonymous> *}'
 int IntcInitFunction(u16 DeviceId, XTmrCtr *TmrInstancePtr, XGpio *GpioInstancePtr);
     ^~~~~~~~~~~~~~~~
../src/main.c:288:12: error: too many arguments to function 'IntcInitFunction'
   status = IntcInitFunction(INTC_DEVICE_ID, &TMRInst, &TMRInst1, &BTNInst);
            ^~~~~~~~~~~~~~~~
../src/main.c:85:5: note: declared here
 int IntcInitFunction(u16 DeviceId, XTmrCtr *TmrInstancePtr, XGpio *GpioInstancePtr);
     ^~~~~~~~~~~~~~~~
make: *** [src/subdir.mk:26: src/main.o] Error 1
21:47:40 **** Auto Build of configuration Debug for project Casio_watch ****
make pre-build main-build 
a9-linaro-pre-build-step
 
Building file: ../src/main.c
Invoking: ARM v7 gcc compiler
arm-none-eabi-gcc -Wall -O0 -g3 -c -fmessage-length=0 -MT"src/main.o" -mcpu=cortex-a9 -mfpu=vfpv3 -mfloat-abi=hard -I../../Casio_watch_bsp/ps7_cortexa9_0/include -MMD -MP -MF"src/main.d" -MT"src/main.o" -o "src/main.o" "../src/main.c"
In file included from ../src/main.c:32:0:
../../Casio_watch_bsp/ps7_cortexa9_0/include/xtime_l.h:89:9: note: #pragma message: For the sleep routines, Global timer is being used
 #pragma message ("For the sleep routines, Global timer is being used")
         ^~~~~~~
../src/main.c:322:5: error: conflicting types for 'IntcInitFunction'
 int IntcInitFunction(u16 DeviceId, XTmrCtr *TmrInstancePtr, XGpio *GpioInstancePtr)
     ^~~~~~~~~~~~~~~~
../src/main.c:85:5: note: previous declaration of 'IntcInitFunction' was here
 int IntcInitFunction(u16 DeviceId, XTmrCtr *TmrInstancePtr, XTmrCtr *TmrInstancePtr1, XGpio *GpioInstancePtr);
     ^~~~~~~~~~~~~~~~
make: *** [src/subdir.mk:26: src/main.o] Error 1
21:47:50 **** Auto Build of configuration Debug for project Casio_watch ****
make pre-build main-build 
a9-linaro-pre-build-step
 
Building file: ../src/main.c
Invoking: ARM v7 gcc compiler
arm-none-eabi-gcc -Wall -O0 -g3 -c -fmessage-length=0 -MT"src/main.o" -mcpu=cortex-a9 -mfpu=vfpv3 -mfloat-abi=hard -I../../Casio_watch_bsp/ps7_cortexa9_0/include -MMD -MP -MF"src/main.d" -MT"src/main.o" -o "src/main.o" "../src/main.c"
In file included from ../src/main.c:32:0:
../../Casio_watch_bsp/ps7_cortexa9_0/include/xtime_l.h:89:9: note: #pragma message: For the sleep routines, Global timer is being used
 #pragma message ("For the sleep routines, Global timer is being used")
         ^~~~~~~
../src/main.c:322:70: error: redefinition of parameter 'TmrInstancePtr'
 int IntcInitFunction(u16 DeviceId, XTmrCtr *TmrInstancePtr, XTmrCtr *TmrInstancePtr, XGpio *GpioInstancePtr)
                                                                      ^~~~~~~~~~~~~~
../src/main.c:322:45: note: previous definition of 'TmrInstancePtr' was here
 int IntcInitFunction(u16 DeviceId, XTmrCtr *TmrInstancePtr, XTmrCtr *TmrInstancePtr, XGpio *GpioInstancePtr)
                                             ^~~~~~~~~~~~~~
make: *** [src/subdir.mk:26: src/main.o] Error 1
21:47:58 **** Auto Build of configuration Debug for project Casio_watch ****
make pre-build main-build 
a9-linaro-pre-build-step
 
Building file: ../src/main.c
Invoking: ARM v7 gcc compiler
arm-none-eabi-gcc -Wall -O0 -g3 -c -fmessage-length=0 -MT"src/main.o" -mcpu=cortex-a9 -mfpu=vfpv3 -mfloat-abi=hard -I../../Casio_watch_bsp/ps7_cortexa9_0/include -MMD -MP -MF"src/main.d" -MT"src/main.o" -o "src/main.o" "../src/main.c"
In file included from ../src/main.c:32:0:
../../Casio_watch_bsp/ps7_cortexa9_0/include/xtime_l.h:89:9: note: #pragma message: For the sleep routines, Global timer is being used
 #pragma message ("For the sleep routines, Global timer is being used")
         ^~~~~~~
Finished building: ../src/main.c
 
Building file: ../src/watch_functions.c
Invoking: ARM v7 gcc compiler
arm-none-eabi-gcc -Wall -O0 -g3 -c -fmessage-length=0 -MT"src/watch_functions.o" -mcpu=cortex-a9 -mfpu=vfpv3 -mfloat-abi=hard -I../../Casio_watch_bsp/ps7_cortexa9_0/include -MMD -MP -MF"src/watch_functions.d" -MT"src/watch_functions.o" -o "src/watch_functions.o" "../src/watch_functions.c"
In file included from ../src/watch_functions.c:16:0:
../../Casio_watch_bsp/ps7_cortexa9_0/include/xtime_l.h:89:9: note: #pragma message: For the sleep routines, Global timer is being used
 #pragma message ("For the sleep routines, Global timer is being used")
         ^~~~~~~
../src/watch_functions.c: In function 'displayStopWatch':
../src/watch_functions.c:630:3: warning: implicit declaration of function 'exit' [-Wimplicit-function-declaration]
   exit(0);
   ^~~~
../src/watch_functions.c:630:3: warning: incompatible implicit declaration of built-in function 'exit'
../src/watch_functions.c:630:3: note: include '<stdlib.h>' or provide a declaration of 'exit'
Finished building: ../src/watch_functions.c
 
Building target: Casio_watch.elf
Invoking: ARM v7 gcc linker
arm-none-eabi-gcc -mcpu=cortex-a9 -mfpu=vfpv3 -mfloat-abi=hard -Wl,-build-id=none -specs=Xilinx.spec -Wl,-T -Wl,../src/lscript.ld -L../../Casio_watch_bsp/ps7_cortexa9_0/lib -o "Casio_watch.elf" ./src/main.o ./src/watch_functions.o   -Wl,--start-group,-lxil,-lgcc,-lc,--end-group
Finished building target: Casio_watch.elf
 
Invoking: ARM v7 Print Size
arm-none-eabi-size Casio_watch.elf  |tee "Casio_watch.elf.size"
   text	   data	    bss	    dec	    hex	filename
  44784	   2816	  23168	  70768	  11470	Casio_watch.elf
Finished building: Casio_watch.elf.size
 
21:49:43 **** Auto Build of configuration Debug for project Casio_watch ****
make pre-build main-build 
a9-linaro-pre-build-step
 
Building file: ../src/watch_functions.c
Invoking: ARM v7 gcc compiler
arm-none-eabi-gcc -Wall -O0 -g3 -c -fmessage-length=0 -MT"src/watch_functions.o" -mcpu=cortex-a9 -mfpu=vfpv3 -mfloat-abi=hard -I../../Casio_watch_bsp/ps7_cortexa9_0/include -MMD -MP -MF"src/watch_functions.d" -MT"src/watch_functions.o" -o "src/watch_functions.o" "../src/watch_functions.c"
In file included from ../src/watch_functions.c:16:0:
../../Casio_watch_bsp/ps7_cortexa9_0/include/xtime_l.h:89:9: note: #pragma message: For the sleep routines, Global timer is being used
 #pragma message ("For the sleep routines, Global timer is being used")
         ^~~~~~~
Finished building: ../src/watch_functions.c
 
Building target: Casio_watch.elf
Invoking: ARM v7 gcc linker
arm-none-eabi-gcc -mcpu=cortex-a9 -mfpu=vfpv3 -mfloat-abi=hard -Wl,-build-id=none -specs=Xilinx.spec -Wl,-T -Wl,../src/lscript.ld -L../../Casio_watch_bsp/ps7_cortexa9_0/lib -o "Casio_watch.elf" ./src/main.o ./src/watch_functions.o   -Wl,--start-group,-lxil,-lgcc,-lc,--end-group
Finished building target: Casio_watch.elf
 
Invoking: ARM v7 Print Size
arm-none-eabi-size Casio_watch.elf  |tee "Casio_watch.elf.size"
   text	   data	    bss	    dec	    hex	filename
  44784	   2816	  23168	  70768	  11470	Casio_watch.elf
Finished building: Casio_watch.elf.size
 
21:49:44 **** Auto Build of configuration Debug for project Casio_watch ****
make pre-build main-build 
a9-linaro-pre-build-step
 
make: Nothing to be done for 'main-build'.
21:51:48 **** Auto Build of configuration Debug for project Casio_watch ****
make pre-build main-build 
a9-linaro-pre-build-step
 
Building file: ../src/main.c
Invoking: ARM v7 gcc compiler
arm-none-eabi-gcc -Wall -O0 -g3 -c -fmessage-length=0 -MT"src/main.o" -mcpu=cortex-a9 -mfpu=vfpv3 -mfloat-abi=hard -I../../Casio_watch_bsp/ps7_cortexa9_0/include -MMD -MP -MF"src/main.d" -MT"src/main.o" -o "src/main.o" "../src/main.c"
In file included from ../src/main.c:32:0:
../../Casio_watch_bsp/ps7_cortexa9_0/include/xtime_l.h:89:9: note: #pragma message: For the sleep routines, Global timer is being used
 #pragma message ("For the sleep routines, Global timer is being used")
         ^~~~~~~
Finished building: ../src/main.c
 
Building target: Casio_watch.elf
Invoking: ARM v7 gcc linker
arm-none-eabi-gcc -mcpu=cortex-a9 -mfpu=vfpv3 -mfloat-abi=hard -Wl,-build-id=none -specs=Xilinx.spec -Wl,-T -Wl,../src/lscript.ld -L../../Casio_watch_bsp/ps7_cortexa9_0/lib -o "Casio_watch.elf" ./src/main.o ./src/watch_functions.o   -Wl,--start-group,-lxil,-lgcc,-lc,--end-group
Finished building target: Casio_watch.elf
 
Invoking: ARM v7 Print Size
arm-none-eabi-size Casio_watch.elf  |tee "Casio_watch.elf.size"
   text	   data	    bss	    dec	    hex	filename
  44784	   2816	  23168	  70768	  11470	Casio_watch.elf
Finished building: Casio_watch.elf.size
 
21:52:04 **** Incremental Build of configuration Debug for project Casio_watch ****
make pre-build main-build 
a9-linaro-pre-build-step
 
make: Nothing to be done for 'main-build'.
21:56:14 **** Auto Build of configuration Debug for project Casio_watch ****
make pre-build main-build 
a9-linaro-pre-build-step
 
Building file: ../src/main.c
Invoking: ARM v7 gcc compiler
arm-none-eabi-gcc -Wall -O0 -g3 -c -fmessage-length=0 -MT"src/main.o" -mcpu=cortex-a9 -mfpu=vfpv3 -mfloat-abi=hard -I../../Casio_watch_bsp/ps7_cortexa9_0/include -MMD -MP -MF"src/main.d" -MT"src/main.o" -o "src/main.o" "../src/main.c"
In file included from ../src/main.c:32:0:
../../Casio_watch_bsp/ps7_cortexa9_0/include/xtime_l.h:89:9: note: #pragma message: For the sleep routines, Global timer is being used
 #pragma message ("For the sleep routines, Global timer is being used")
         ^~~~~~~
Finished building: ../src/main.c
 
Building target: Casio_watch.elf
Invoking: ARM v7 gcc linker
arm-none-eabi-gcc -mcpu=cortex-a9 -mfpu=vfpv3 -mfloat-abi=hard -Wl,-build-id=none -specs=Xilinx.spec -Wl,-T -Wl,../src/lscript.ld -L../../Casio_watch_bsp/ps7_cortexa9_0/lib -o "Casio_watch.elf" ./src/main.o ./src/watch_functions.o   -Wl,--start-group,-lxil,-lgcc,-lc,--end-group
Finished building target: Casio_watch.elf
 
Invoking: ARM v7 Print Size
arm-none-eabi-size Casio_watch.elf  |tee "Casio_watch.elf.size"
   text	   data	    bss	    dec	    hex	filename
  44784	   2816	  23168	  70768	  11470	Casio_watch.elf
Finished building: Casio_watch.elf.size
 
21:56:23 **** Incremental Build of configuration Debug for project Casio_watch ****
make pre-build main-build 
a9-linaro-pre-build-step
 
make: Nothing to be done for 'main-build'.
21:56:38 **** Incremental Build of configuration Debug for project Casio_watch ****
make pre-build main-build 
a9-linaro-pre-build-step
 
make: Nothing to be done for 'main-build'.
21:58:16 **** Auto Build of configuration Debug for project Casio_watch ****
make pre-build main-build 
a9-linaro-pre-build-step
 
Building file: ../src/main.c
Invoking: ARM v7 gcc compiler
arm-none-eabi-gcc -Wall -O0 -g3 -c -fmessage-length=0 -MT"src/main.o" -mcpu=cortex-a9 -mfpu=vfpv3 -mfloat-abi=hard -I../../Casio_watch_bsp/ps7_cortexa9_0/include -MMD -MP -MF"src/main.d" -MT"src/main.o" -o "src/main.o" "../src/main.c"
In file included from ../src/main.c:32:0:
../../Casio_watch_bsp/ps7_cortexa9_0/include/xtime_l.h:89:9: note: #pragma message: For the sleep routines, Global timer is being used
 #pragma message ("For the sleep routines, Global timer is being used")
         ^~~~~~~
Finished building: ../src/main.c
 
Building target: Casio_watch.elf
Invoking: ARM v7 gcc linker
arm-none-eabi-gcc -mcpu=cortex-a9 -mfpu=vfpv3 -mfloat-abi=hard -Wl,-build-id=none -specs=Xilinx.spec -Wl,-T -Wl,../src/lscript.ld -L../../Casio_watch_bsp/ps7_cortexa9_0/lib -o "Casio_watch.elf" ./src/main.o ./src/watch_functions.o   -Wl,--start-group,-lxil,-lgcc,-lc,--end-group
Finished building target: Casio_watch.elf
 
Invoking: ARM v7 Print Size
arm-none-eabi-size Casio_watch.elf  |tee "Casio_watch.elf.size"
   text	   data	    bss	    dec	    hex	filename
  44784	   2816	  23168	  70768	  11470	Casio_watch.elf
Finished building: Casio_watch.elf.size
 
21:58:28 **** Incremental Build of configuration Debug for project Casio_watch ****
make pre-build main-build 
a9-linaro-pre-build-step
 
make: Nothing to be done for 'main-build'.
21:59:36 **** Auto Build of configuration Debug for project Casio_watch ****
make pre-build main-build 
a9-linaro-pre-build-step
 
Building file: ../src/main.c
Invoking: ARM v7 gcc compiler
arm-none-eabi-gcc -Wall -O0 -g3 -c -fmessage-length=0 -MT"src/main.o" -mcpu=cortex-a9 -mfpu=vfpv3 -mfloat-abi=hard -I../../Casio_watch_bsp/ps7_cortexa9_0/include -MMD -MP -MF"src/main.d" -MT"src/main.o" -o "src/main.o" "../src/main.c"
In file included from ../src/main.c:32:0:
../../Casio_watch_bsp/ps7_cortexa9_0/include/xtime_l.h:89:9: note: #pragma message: For the sleep routines, Global timer is being used
 #pragma message ("For the sleep routines, Global timer is being used")
         ^~~~~~~
Finished building: ../src/main.c
 
Building target: Casio_watch.elf
Invoking: ARM v7 gcc linker
arm-none-eabi-gcc -mcpu=cortex-a9 -mfpu=vfpv3 -mfloat-abi=hard -Wl,-build-id=none -specs=Xilinx.spec -Wl,-T -Wl,../src/lscript.ld -L../../Casio_watch_bsp/ps7_cortexa9_0/lib -o "Casio_watch.elf" ./src/main.o ./src/watch_functions.o   -Wl,--start-group,-lxil,-lgcc,-lc,--end-group
Finished building target: Casio_watch.elf
 
Invoking: ARM v7 Print Size
arm-none-eabi-size Casio_watch.elf  |tee "Casio_watch.elf.size"
   text	   data	    bss	    dec	    hex	filename
  44784	   2816	  23168	  70768	  11470	Casio_watch.elf
Finished building: Casio_watch.elf.size
 
21:59:40 **** Incremental Build of configuration Debug for project Casio_watch ****
make pre-build main-build 
a9-linaro-pre-build-step
 
make: Nothing to be done for 'main-build'.
21:59:48 **** Auto Build of configuration Debug for project Casio_watch ****
make pre-build main-build 
a9-linaro-pre-build-step
 
Building file: ../src/main.c
Invoking: ARM v7 gcc compiler
arm-none-eabi-gcc -Wall -O0 -g3 -c -fmessage-length=0 -MT"src/main.o" -mcpu=cortex-a9 -mfpu=vfpv3 -mfloat-abi=hard -I../../Casio_watch_bsp/ps7_cortexa9_0/include -MMD -MP -MF"src/main.d" -MT"src/main.o" -o "src/main.o" "../src/main.c"
In file included from ../src/main.c:32:0:
../../Casio_watch_bsp/ps7_cortexa9_0/include/xtime_l.h:89:9: note: #pragma message: For the sleep routines, Global timer is being used
 #pragma message ("For the sleep routines, Global timer is being used")
         ^~~~~~~
Finished building: ../src/main.c
 
Building target: Casio_watch.elf
Invoking: ARM v7 gcc linker
arm-none-eabi-gcc -mcpu=cortex-a9 -mfpu=vfpv3 -mfloat-abi=hard -Wl,-build-id=none -specs=Xilinx.spec -Wl,-T -Wl,../src/lscript.ld -L../../Casio_watch_bsp/ps7_cortexa9_0/lib -o "Casio_watch.elf" ./src/main.o ./src/watch_functions.o   -Wl,--start-group,-lxil,-lgcc,-lc,--end-group
Finished building target: Casio_watch.elf
 
Invoking: ARM v7 Print Size
arm-none-eabi-size Casio_watch.elf  |tee "Casio_watch.elf.size"
   text	   data	    bss	    dec	    hex	filename
  44784	   2816	  23168	  70768	  11470	Casio_watch.elf
Finished building: Casio_watch.elf.size
 
21:59:53 **** Incremental Build of configuration Debug for project Casio_watch ****
make pre-build main-build 
a9-linaro-pre-build-step
 
make: Nothing to be done for 'main-build'.
22:00:22 **** Incremental Build of configuration Debug for project Casio_watch ****
make pre-build main-build 
a9-linaro-pre-build-step
 
make: Nothing to be done for 'main-build'.
22:01:58 **** Auto Build of configuration Debug for project Casio_watch ****
make pre-build main-build 
a9-linaro-pre-build-step
 
Building file: ../src/main.c
Invoking: ARM v7 gcc compiler
arm-none-eabi-gcc -Wall -O0 -g3 -c -fmessage-length=0 -MT"src/main.o" -mcpu=cortex-a9 -mfpu=vfpv3 -mfloat-abi=hard -I../../Casio_watch_bsp/ps7_cortexa9_0/include -MMD -MP -MF"src/main.d" -MT"src/main.o" -o "src/main.o" "../src/main.c"
In file included from ../src/main.c:32:0:
../../Casio_watch_bsp/ps7_cortexa9_0/include/xtime_l.h:89:9: note: #pragma message: For the sleep routines, Global timer is being used
 #pragma message ("For the sleep routines, Global timer is being used")
         ^~~~~~~
Finished building: ../src/main.c
 
Building target: Casio_watch.elf
Invoking: ARM v7 gcc linker
arm-none-eabi-gcc -mcpu=cortex-a9 -mfpu=vfpv3 -mfloat-abi=hard -Wl,-build-id=none -specs=Xilinx.spec -Wl,-T -Wl,../src/lscript.ld -L../../Casio_watch_bsp/ps7_cortexa9_0/lib -o "Casio_watch.elf" ./src/main.o ./src/watch_functions.o   -Wl,--start-group,-lxil,-lgcc,-lc,--end-group
Finished building target: Casio_watch.elf
 
Invoking: ARM v7 Print Size
arm-none-eabi-size Casio_watch.elf  |tee "Casio_watch.elf.size"
   text	   data	    bss	    dec	    hex	filename
  44912	   2816	  23168	  70896	  114f0	Casio_watch.elf
Finished building: Casio_watch.elf.size
 
22:03:03 **** Auto Build of configuration Debug for project Casio_watch ****
make pre-build main-build 
a9-linaro-pre-build-step
 
Building file: ../src/main.c
Invoking: ARM v7 gcc compiler
arm-none-eabi-gcc -Wall -O0 -g3 -c -fmessage-length=0 -MT"src/main.o" -mcpu=cortex-a9 -mfpu=vfpv3 -mfloat-abi=hard -I../../Casio_watch_bsp/ps7_cortexa9_0/include -MMD -MP -MF"src/main.d" -MT"src/main.o" -o "src/main.o" "../src/main.c"
In file included from ../src/main.c:32:0:
../../Casio_watch_bsp/ps7_cortexa9_0/include/xtime_l.h:89:9: note: #pragma message: For the sleep routines, Global timer is being used
 #pragma message ("For the sleep routines, Global timer is being used")
         ^~~~~~~
Finished building: ../src/main.c
 
Building target: Casio_watch.elf
Invoking: ARM v7 gcc linker
arm-none-eabi-gcc -mcpu=cortex-a9 -mfpu=vfpv3 -mfloat-abi=hard -Wl,-build-id=none -specs=Xilinx.spec -Wl,-T -Wl,../src/lscript.ld -L../../Casio_watch_bsp/ps7_cortexa9_0/lib -o "Casio_watch.elf" ./src/main.o ./src/watch_functions.o   -Wl,--start-group,-lxil,-lgcc,-lc,--end-group
Finished building target: Casio_watch.elf
 
Invoking: ARM v7 Print Size
arm-none-eabi-size Casio_watch.elf  |tee "Casio_watch.elf.size"
   text	   data	    bss	    dec	    hex	filename
  44848	   2816	  23168	  70832	  114b0	Casio_watch.elf
Finished building: Casio_watch.elf.size
 
22:03:32 **** Incremental Build of configuration Debug for project Casio_watch ****
make pre-build main-build 
a9-linaro-pre-build-step
 
make: Nothing to be done for 'main-build'.
22:05:14 **** Auto Build of configuration Debug for project Casio_watch ****
make pre-build main-build 
a9-linaro-pre-build-step
 
Building file: ../src/main.c
Invoking: ARM v7 gcc compiler
arm-none-eabi-gcc -Wall -O0 -g3 -c -fmessage-length=0 -MT"src/main.o" -mcpu=cortex-a9 -mfpu=vfpv3 -mfloat-abi=hard -I../../Casio_watch_bsp/ps7_cortexa9_0/include -MMD -MP -MF"src/main.d" -MT"src/main.o" -o "src/main.o" "../src/main.c"
In file included from ../src/main.c:32:0:
../../Casio_watch_bsp/ps7_cortexa9_0/include/xtime_l.h:89:9: note: #pragma message: For the sleep routines, Global timer is being used
 #pragma message ("For the sleep routines, Global timer is being used")
         ^~~~~~~
../src/main.c: In function 'TMR_Intr_Handler1':
../src/main.c:237:25: error: expected expression before ')' token
  if (state == alarm1 && ){
                         ^
make: *** [src/subdir.mk:26: src/main.o] Error 1
22:05:58 **** Auto Build of configuration Debug for project Casio_watch ****
make pre-build main-build 
a9-linaro-pre-build-step
 
Building file: ../src/main.c
Invoking: ARM v7 gcc compiler
arm-none-eabi-gcc -Wall -O0 -g3 -c -fmessage-length=0 -MT"src/main.o" -mcpu=cortex-a9 -mfpu=vfpv3 -mfloat-abi=hard -I../../Casio_watch_bsp/ps7_cortexa9_0/include -MMD -MP -MF"src/main.d" -MT"src/main.o" -o "src/main.o" "../src/main.c"
In file included from ../src/main.c:32:0:
../../Casio_watch_bsp/ps7_cortexa9_0/include/xtime_l.h:89:9: note: #pragma message: For the sleep routines, Global timer is being used
 #pragma message ("For the sleep routines, Global timer is being used")
         ^~~~~~~
../src/main.c: In function 'TMR_Intr_Handler1':
../src/main.c:237:25: error: expected expression before ')' token
  if (state == alarm1 && ){
                         ^
make: *** [src/subdir.mk:26: src/main.o] Error 1
22:06:00 **** Auto Build of configuration Debug for project Casio_watch ****
make pre-build main-build 
a9-linaro-pre-build-step
 
Building file: ../src/main.c
Invoking: ARM v7 gcc compiler
arm-none-eabi-gcc -Wall -O0 -g3 -c -fmessage-length=0 -MT"src/main.o" -mcpu=cortex-a9 -mfpu=vfpv3 -mfloat-abi=hard -I../../Casio_watch_bsp/ps7_cortexa9_0/include -MMD -MP -MF"src/main.d" -MT"src/main.o" -o "src/main.o" "../src/main.c"
In file included from ../src/main.c:32:0:
../../Casio_watch_bsp/ps7_cortexa9_0/include/xtime_l.h:89:9: note: #pragma message: For the sleep routines, Global timer is being used
 #pragma message ("For the sleep routines, Global timer is being used")
         ^~~~~~~
../src/main.c: In function 'TMR_Intr_Handler1':
../src/main.c:237:25: error: expected expression before ')' token
  if (state == alarm1 && ){
                         ^
make: *** [src/subdir.mk:26: src/main.o] Error 1
22:06:10 **** Auto Build of configuration Debug for project Casio_watch ****
make pre-build main-build 
a9-linaro-pre-build-step
 
Building file: ../src/main.c
Invoking: ARM v7 gcc compiler
arm-none-eabi-gcc -Wall -O0 -g3 -c -fmessage-length=0 -MT"src/main.o" -mcpu=cortex-a9 -mfpu=vfpv3 -mfloat-abi=hard -I../../Casio_watch_bsp/ps7_cortexa9_0/include -MMD -MP -MF"src/main.d" -MT"src/main.o" -o "src/main.o" "../src/main.c"
In file included from ../src/main.c:32:0:
../../Casio_watch_bsp/ps7_cortexa9_0/include/xtime_l.h:89:9: note: #pragma message: For the sleep routines, Global timer is being used
 #pragma message ("For the sleep routines, Global timer is being used")
         ^~~~~~~
../src/main.c: In function 'TMR_Intr_Handler1':
../src/main.c:237:25: error: expected expression before ')' token
  if (state == alarm1 && ){
                         ^
make: *** [src/subdir.mk:26: src/main.o] Error 1
22:06:19 **** Auto Build of configuration Debug for project Casio_watch ****
make pre-build main-build 
a9-linaro-pre-build-step
 
Building file: ../src/main.c
Invoking: ARM v7 gcc compiler
arm-none-eabi-gcc -Wall -O0 -g3 -c -fmessage-length=0 -MT"src/main.o" -mcpu=cortex-a9 -mfpu=vfpv3 -mfloat-abi=hard -I../../Casio_watch_bsp/ps7_cortexa9_0/include -MMD -MP -MF"src/main.d" -MT"src/main.o" -o "src/main.o" "../src/main.c"
In file included from ../src/main.c:32:0:
../../Casio_watch_bsp/ps7_cortexa9_0/include/xtime_l.h:89:9: note: #pragma message: For the sleep routines, Global timer is being used
 #pragma message ("For the sleep routines, Global timer is being used")
         ^~~~~~~
Finished building: ../src/main.c
 
Building file: ../src/watch_functions.c
Invoking: ARM v7 gcc compiler
arm-none-eabi-gcc -Wall -O0 -g3 -c -fmessage-length=0 -MT"src/watch_functions.o" -mcpu=cortex-a9 -mfpu=vfpv3 -mfloat-abi=hard -I../../Casio_watch_bsp/ps7_cortexa9_0/include -MMD -MP -MF"src/watch_functions.d" -MT"src/watch_functions.o" -o "src/watch_functions.o" "../src/watch_functions.c"
In file included from ../src/watch_functions.c:16:0:
../../Casio_watch_bsp/ps7_cortexa9_0/include/xtime_l.h:89:9: note: #pragma message: For the sleep routines, Global timer is being used
 #pragma message ("For the sleep routines, Global timer is being used")
         ^~~~~~~
Finished building: ../src/watch_functions.c
 
Building target: Casio_watch.elf
Invoking: ARM v7 gcc linker
arm-none-eabi-gcc -mcpu=cortex-a9 -mfpu=vfpv3 -mfloat-abi=hard -Wl,-build-id=none -specs=Xilinx.spec -Wl,-T -Wl,../src/lscript.ld -L../../Casio_watch_bsp/ps7_cortexa9_0/lib -o "Casio_watch.elf" ./src/main.o ./src/watch_functions.o   -Wl,--start-group,-lxil,-lgcc,-lc,--end-group
Finished building target: Casio_watch.elf
 
Invoking: ARM v7 Print Size
arm-none-eabi-size Casio_watch.elf  |tee "Casio_watch.elf.size"
   text	   data	    bss	    dec	    hex	filename
  44848	   2816	  23168	  70832	  114b0	Casio_watch.elf
Finished building: Casio_watch.elf.size
 
22:07:07 **** Auto Build of configuration Debug for project Casio_watch ****
make pre-build main-build 
a9-linaro-pre-build-step
 
Building file: ../src/main.c
Invoking: ARM v7 gcc compiler
arm-none-eabi-gcc -Wall -O0 -g3 -c -fmessage-length=0 -MT"src/main.o" -mcpu=cortex-a9 -mfpu=vfpv3 -mfloat-abi=hard -I../../Casio_watch_bsp/ps7_cortexa9_0/include -MMD -MP -MF"src/main.d" -MT"src/main.o" -o "src/main.o" "../src/main.c"
In file included from ../src/main.c:32:0:
../../Casio_watch_bsp/ps7_cortexa9_0/include/xtime_l.h:89:9: note: #pragma message: For the sleep routines, Global timer is being used
 #pragma message ("For the sleep routines, Global timer is being used")
         ^~~~~~~
Finished building: ../src/main.c
 
Building target: Casio_watch.elf
Invoking: ARM v7 gcc linker
arm-none-eabi-gcc -mcpu=cortex-a9 -mfpu=vfpv3 -mfloat-abi=hard -Wl,-build-id=none -specs=Xilinx.spec -Wl,-T -Wl,../src/lscript.ld -L../../Casio_watch_bsp/ps7_cortexa9_0/lib -o "Casio_watch.elf" ./src/main.o ./src/watch_functions.o   -Wl,--start-group,-lxil,-lgcc,-lc,--end-group
Finished building target: Casio_watch.elf
 
Invoking: ARM v7 Print Size
arm-none-eabi-size Casio_watch.elf  |tee "Casio_watch.elf.size"
   text	   data	    bss	    dec	    hex	filename
  44912	   2816	  23168	  70896	  114f0	Casio_watch.elf
Finished building: Casio_watch.elf.size
 
22:07:25 **** Incremental Build of configuration Debug for project Casio_watch ****
make pre-build main-build 
a9-linaro-pre-build-step
 
make: Nothing to be done for 'main-build'.
22:11:51 **** Auto Build of configuration Debug for project Casio_watch ****
make pre-build main-build 
a9-linaro-pre-build-step
 
Building file: ../src/main.c
Invoking: ARM v7 gcc compiler
arm-none-eabi-gcc -Wall -O0 -g3 -c -fmessage-length=0 -MT"src/main.o" -mcpu=cortex-a9 -mfpu=vfpv3 -mfloat-abi=hard -I../../Casio_watch_bsp/ps7_cortexa9_0/include -MMD -MP -MF"src/main.d" -MT"src/main.o" -o "src/main.o" "../src/main.c"
In file included from ../src/main.c:32:0:
../../Casio_watch_bsp/ps7_cortexa9_0/include/xtime_l.h:89:9: note: #pragma message: For the sleep routines, Global timer is being used
 #pragma message ("For the sleep routines, Global timer is being used")
         ^~~~~~~
Finished building: ../src/main.c
 
Building target: Casio_watch.elf
Invoking: ARM v7 gcc linker
arm-none-eabi-gcc -mcpu=cortex-a9 -mfpu=vfpv3 -mfloat-abi=hard -Wl,-build-id=none -specs=Xilinx.spec -Wl,-T -Wl,../src/lscript.ld -L../../Casio_watch_bsp/ps7_cortexa9_0/lib -o "Casio_watch.elf" ./src/main.o ./src/watch_functions.o   -Wl,--start-group,-lxil,-lgcc,-lc,--end-group
Finished building target: Casio_watch.elf
 
Invoking: ARM v7 Print Size
arm-none-eabi-size Casio_watch.elf  |tee "Casio_watch.elf.size"
   text	   data	    bss	    dec	    hex	filename
  44912	   2816	  23168	  70896	  114f0	Casio_watch.elf
Finished building: Casio_watch.elf.size
 
22:13:54 **** Auto Build of configuration Debug for project Casio_watch ****
make pre-build main-build 
a9-linaro-pre-build-step
 
Building file: ../src/main.c
Invoking: ARM v7 gcc compiler
arm-none-eabi-gcc -Wall -O0 -g3 -c -fmessage-length=0 -MT"src/main.o" -mcpu=cortex-a9 -mfpu=vfpv3 -mfloat-abi=hard -I../../Casio_watch_bsp/ps7_cortexa9_0/include -MMD -MP -MF"src/main.d" -MT"src/main.o" -o "src/main.o" "../src/main.c"
In file included from ../src/main.c:32:0:
../../Casio_watch_bsp/ps7_cortexa9_0/include/xtime_l.h:89:9: note: #pragma message: For the sleep routines, Global timer is being used
 #pragma message ("For the sleep routines, Global timer is being used")
         ^~~~~~~
../src/main.c: In function 'TMR_Intr_Handler':
../src/main.c:195:2: warning: enumeration value 'stopWatch' not handled in switch [-Wswitch]
  switch(state){
  ^~~~~~
Finished building: ../src/main.c
 
Building target: Casio_watch.elf
Invoking: ARM v7 gcc linker
arm-none-eabi-gcc -mcpu=cortex-a9 -mfpu=vfpv3 -mfloat-abi=hard -Wl,-build-id=none -specs=Xilinx.spec -Wl,-T -Wl,../src/lscript.ld -L../../Casio_watch_bsp/ps7_cortexa9_0/lib -o "Casio_watch.elf" ./src/main.o ./src/watch_functions.o   -Wl,--start-group,-lxil,-lgcc,-lc,--end-group
Finished building target: Casio_watch.elf
 
Invoking: ARM v7 Print Size
arm-none-eabi-size Casio_watch.elf  |tee "Casio_watch.elf.size"
   text	   data	    bss	    dec	    hex	filename
  44796	   2816	  23168	  70780	  1147c	Casio_watch.elf
Finished building: Casio_watch.elf.size
 
22:14:27 **** Auto Build of configuration Debug for project Casio_watch ****
make pre-build main-build 
a9-linaro-pre-build-step
 
Building file: ../src/main.c
Invoking: ARM v7 gcc compiler
arm-none-eabi-gcc -Wall -O0 -g3 -c -fmessage-length=0 -MT"src/main.o" -mcpu=cortex-a9 -mfpu=vfpv3 -mfloat-abi=hard -I../../Casio_watch_bsp/ps7_cortexa9_0/include -MMD -MP -MF"src/main.d" -MT"src/main.o" -o "src/main.o" "../src/main.c"
In file included from ../src/main.c:32:0:
../../Casio_watch_bsp/ps7_cortexa9_0/include/xtime_l.h:89:9: note: #pragma message: For the sleep routines, Global timer is being used
 #pragma message ("For the sleep routines, Global timer is being used")
         ^~~~~~~
Finished building: ../src/main.c
 
Building target: Casio_watch.elf
Invoking: ARM v7 gcc linker
arm-none-eabi-gcc -mcpu=cortex-a9 -mfpu=vfpv3 -mfloat-abi=hard -Wl,-build-id=none -specs=Xilinx.spec -Wl,-T -Wl,../src/lscript.ld -L../../Casio_watch_bsp/ps7_cortexa9_0/lib -o "Casio_watch.elf" ./src/main.o ./src/watch_functions.o   -Wl,--start-group,-lxil,-lgcc,-lc,--end-group
Finished building target: Casio_watch.elf
 
Invoking: ARM v7 Print Size
arm-none-eabi-size Casio_watch.elf  |tee "Casio_watch.elf.size"
   text	   data	    bss	    dec	    hex	filename
  44912	   2816	  23168	  70896	  114f0	Casio_watch.elf
Finished building: Casio_watch.elf.size
 
22:14:39 **** Incremental Build of configuration Debug for project Casio_watch ****
make pre-build main-build 
a9-linaro-pre-build-step
 
make: Nothing to be done for 'main-build'.
22:15:49 **** Incremental Build of configuration Debug for project Casio_watch ****
make pre-build main-build 
a9-linaro-pre-build-step
 
Building file: ../src/main.c
Invoking: ARM v7 gcc compiler
arm-none-eabi-gcc -Wall -O0 -g3 -c -fmessage-length=0 -MT"src/main.o" -mcpu=cortex-a9 -mfpu=vfpv3 -mfloat-abi=hard -I../../Casio_watch_bsp/ps7_cortexa9_0/include -MMD -MP -MF"src/main.d" -MT"src/main.o" -o "src/main.o" "../src/main.c"
In file included from ../src/main.c:32:0:
../../Casio_watch_bsp/ps7_cortexa9_0/include/xtime_l.h:89:9: note: #pragma message: For the sleep routines, Global timer is being used
 #pragma message ("For the sleep routines, Global timer is being used")
         ^~~~~~~
Finished building: ../src/main.c
 
Building target: Casio_watch.elf
Invoking: ARM v7 gcc linker
arm-none-eabi-gcc -mcpu=cortex-a9 -mfpu=vfpv3 -mfloat-abi=hard -Wl,-build-id=none -specs=Xilinx.spec -Wl,-T -Wl,../src/lscript.ld -L../../Casio_watch_bsp/ps7_cortexa9_0/lib -o "Casio_watch.elf" ./src/main.o ./src/watch_functions.o   -Wl,--start-group,-lxil,-lgcc,-lc,--end-group
Finished building target: Casio_watch.elf
 
Invoking: ARM v7 Print Size
arm-none-eabi-size Casio_watch.elf  |tee "Casio_watch.elf.size"
   text	   data	    bss	    dec	    hex	filename
  44912	   2816	  23168	  70896	  114f0	Casio_watch.elf
Finished building: Casio_watch.elf.size
 
22:16:41 **** Incremental Build of configuration Debug for project Casio_watch ****
make pre-build main-build 
a9-linaro-pre-build-step
 
Building file: ../src/main.c
Invoking: ARM v7 gcc compiler
arm-none-eabi-gcc -Wall -O0 -g3 -c -fmessage-length=0 -MT"src/main.o" -mcpu=cortex-a9 -mfpu=vfpv3 -mfloat-abi=hard -I../../Casio_watch_bsp/ps7_cortexa9_0/include -MMD -MP -MF"src/main.d" -MT"src/main.o" -o "src/main.o" "../src/main.c"
In file included from ../src/main.c:32:0:
../../Casio_watch_bsp/ps7_cortexa9_0/include/xtime_l.h:89:9: note: #pragma message: For the sleep routines, Global timer is being used
 #pragma message ("For the sleep routines, Global timer is being used")
         ^~~~~~~
Finished building: ../src/main.c
 
Building target: Casio_watch.elf
Invoking: ARM v7 gcc linker
arm-none-eabi-gcc -mcpu=cortex-a9 -mfpu=vfpv3 -mfloat-abi=hard -Wl,-build-id=none -specs=Xilinx.spec -Wl,-T -Wl,../src/lscript.ld -L../../Casio_watch_bsp/ps7_cortexa9_0/lib -o "Casio_watch.elf" ./src/main.o ./src/watch_functions.o   -Wl,--start-group,-lxil,-lgcc,-lc,--end-group
Finished building target: Casio_watch.elf
 
Invoking: ARM v7 Print Size
arm-none-eabi-size Casio_watch.elf  |tee "Casio_watch.elf.size"
   text	   data	    bss	    dec	    hex	filename
  44848	   2816	  23168	  70832	  114b0	Casio_watch.elf
Finished building: Casio_watch.elf.size
 
22:17:35 **** Incremental Build of configuration Debug for project Casio_watch ****
make pre-build main-build 
a9-linaro-pre-build-step
 
Building file: ../src/main.c
Invoking: ARM v7 gcc compiler
arm-none-eabi-gcc -Wall -O0 -g3 -c -fmessage-length=0 -MT"src/main.o" -mcpu=cortex-a9 -mfpu=vfpv3 -mfloat-abi=hard -I../../Casio_watch_bsp/ps7_cortexa9_0/include -MMD -MP -MF"src/main.d" -MT"src/main.o" -o "src/main.o" "../src/main.c"
In file included from ../src/main.c:32:0:
../../Casio_watch_bsp/ps7_cortexa9_0/include/xtime_l.h:89:9: note: #pragma message: For the sleep routines, Global timer is being used
 #pragma message ("For the sleep routines, Global timer is being used")
         ^~~~~~~
Finished building: ../src/main.c
 
Building target: Casio_watch.elf
Invoking: ARM v7 gcc linker
arm-none-eabi-gcc -mcpu=cortex-a9 -mfpu=vfpv3 -mfloat-abi=hard -Wl,-build-id=none -specs=Xilinx.spec -Wl,-T -Wl,../src/lscript.ld -L../../Casio_watch_bsp/ps7_cortexa9_0/lib -o "Casio_watch.elf" ./src/main.o ./src/watch_functions.o   -Wl,--start-group,-lxil,-lgcc,-lc,--end-group
Finished building target: Casio_watch.elf
 
Invoking: ARM v7 Print Size
arm-none-eabi-size Casio_watch.elf  |tee "Casio_watch.elf.size"
   text	   data	    bss	    dec	    hex	filename
  44848	   2816	  23168	  70832	  114b0	Casio_watch.elf
Finished building: Casio_watch.elf.size
 
22:18:35 **** Auto Build of configuration Debug for project Casio_watch ****
make pre-build main-build 
a9-linaro-pre-build-step
 
Building file: ../src/main.c
Invoking: ARM v7 gcc compiler
arm-none-eabi-gcc -Wall -O0 -g3 -c -fmessage-length=0 -MT"src/main.o" -mcpu=cortex-a9 -mfpu=vfpv3 -mfloat-abi=hard -I../../Casio_watch_bsp/ps7_cortexa9_0/include -MMD -MP -MF"src/main.d" -MT"src/main.o" -o "src/main.o" "../src/main.c"
In file included from ../src/main.c:32:0:
../../Casio_watch_bsp/ps7_cortexa9_0/include/xtime_l.h:89:9: note: #pragma message: For the sleep routines, Global timer is being used
 #pragma message ("For the sleep routines, Global timer is being used")
         ^~~~~~~
Finished building: ../src/main.c
 
Building target: Casio_watch.elf
Invoking: ARM v7 gcc linker
arm-none-eabi-gcc -mcpu=cortex-a9 -mfpu=vfpv3 -mfloat-abi=hard -Wl,-build-id=none -specs=Xilinx.spec -Wl,-T -Wl,../src/lscript.ld -L../../Casio_watch_bsp/ps7_cortexa9_0/lib -o "Casio_watch.elf" ./src/main.o ./src/watch_functions.o   -Wl,--start-group,-lxil,-lgcc,-lc,--end-group
Finished building target: Casio_watch.elf
 
Invoking: ARM v7 Print Size
arm-none-eabi-size Casio_watch.elf  |tee "Casio_watch.elf.size"
   text	   data	    bss	    dec	    hex	filename
  44912	   2816	  23168	  70896	  114f0	Casio_watch.elf
Finished building: Casio_watch.elf.size
 
22:18:47 **** Auto Build of configuration Debug for project Casio_watch ****
make pre-build main-build 
a9-linaro-pre-build-step
 
Building file: ../src/main.c
Invoking: ARM v7 gcc compiler
arm-none-eabi-gcc -Wall -O0 -g3 -c -fmessage-length=0 -MT"src/main.o" -mcpu=cortex-a9 -mfpu=vfpv3 -mfloat-abi=hard -I../../Casio_watch_bsp/ps7_cortexa9_0/include -MMD -MP -MF"src/main.d" -MT"src/main.o" -o "src/main.o" "../src/main.c"
In file included from ../src/main.c:32:0:
../../Casio_watch_bsp/ps7_cortexa9_0/include/xtime_l.h:89:9: note: #pragma message: For the sleep routines, Global timer is being used
 #pragma message ("For the sleep routines, Global timer is being used")
         ^~~~~~~
Finished building: ../src/main.c
 
Building target: Casio_watch.elf
Invoking: ARM v7 gcc linker
arm-none-eabi-gcc -mcpu=cortex-a9 -mfpu=vfpv3 -mfloat-abi=hard -Wl,-build-id=none -specs=Xilinx.spec -Wl,-T -Wl,../src/lscript.ld -L../../Casio_watch_bsp/ps7_cortexa9_0/lib -o "Casio_watch.elf" ./src/main.o ./src/watch_functions.o   -Wl,--start-group,-lxil,-lgcc,-lc,--end-group
Finished building target: Casio_watch.elf
 
Invoking: ARM v7 Print Size
arm-none-eabi-size Casio_watch.elf  |tee "Casio_watch.elf.size"
   text	   data	    bss	    dec	    hex	filename
  44976	   2816	  23168	  70960	  11530	Casio_watch.elf
Finished building: Casio_watch.elf.size
 
22:18:58 **** Incremental Build of configuration Debug for project Casio_watch ****
make pre-build main-build 
a9-linaro-pre-build-step
 
make: Nothing to be done for 'main-build'.
22:19:50 **** Auto Build of configuration Debug for project Casio_watch ****
make pre-build main-build 
a9-linaro-pre-build-step
 
Building file: ../src/main.c
Invoking: ARM v7 gcc compiler
arm-none-eabi-gcc -Wall -O0 -g3 -c -fmessage-length=0 -MT"src/main.o" -mcpu=cortex-a9 -mfpu=vfpv3 -mfloat-abi=hard -I../../Casio_watch_bsp/ps7_cortexa9_0/include -MMD -MP -MF"src/main.d" -MT"src/main.o" -o "src/main.o" "../src/main.c"
In file included from ../src/main.c:32:0:
../../Casio_watch_bsp/ps7_cortexa9_0/include/xtime_l.h:89:9: note: #pragma message: For the sleep routines, Global timer is being used
 #pragma message ("For the sleep routines, Global timer is being used")
         ^~~~~~~
Finished building: ../src/main.c
 
Building target: Casio_watch.elf
Invoking: ARM v7 gcc linker
arm-none-eabi-gcc -mcpu=cortex-a9 -mfpu=vfpv3 -mfloat-abi=hard -Wl,-build-id=none -specs=Xilinx.spec -Wl,-T -Wl,../src/lscript.ld -L../../Casio_watch_bsp/ps7_cortexa9_0/lib -o "Casio_watch.elf" ./src/main.o ./src/watch_functions.o   -Wl,--start-group,-lxil,-lgcc,-lc,--end-group
Finished building target: Casio_watch.elf
 
Invoking: ARM v7 Print Size
arm-none-eabi-size Casio_watch.elf  |tee "Casio_watch.elf.size"
   text	   data	    bss	    dec	    hex	filename
  44976	   2816	  23168	  70960	  11530	Casio_watch.elf
Finished building: Casio_watch.elf.size
 
22:20:00 **** Incremental Build of configuration Debug for project Casio_watch ****
make pre-build main-build 
a9-linaro-pre-build-step
 
make: Nothing to be done for 'main-build'.
22:21:37 **** Incremental Build of configuration Debug for project Casio_watch ****
make pre-build main-build 
a9-linaro-pre-build-step
 
Building file: ../src/main.c
Invoking: ARM v7 gcc compiler
arm-none-eabi-gcc -Wall -O0 -g3 -c -fmessage-length=0 -MT"src/main.o" -mcpu=cortex-a9 -mfpu=vfpv3 -mfloat-abi=hard -I../../Casio_watch_bsp/ps7_cortexa9_0/include -MMD -MP -MF"src/main.d" -MT"src/main.o" -o "src/main.o" "../src/main.c"
In file included from ../src/main.c:32:0:
../../Casio_watch_bsp/ps7_cortexa9_0/include/xtime_l.h:89:9: note: #pragma message: For the sleep routines, Global timer is being used
 #pragma message ("For the sleep routines, Global timer is being used")
         ^~~~~~~
../src/main.c: In function 'BTN_Intr_Handler':
../src/main.c:148:29: error: 'sWflag' undeclared (first use in this function); did you mean 'sWFlag'?
   if (state == stopWatch && sWflag == 0){
                             ^~~~~~
                             sWFlag
../src/main.c:148:29: note: each undeclared identifier is reported only once for each function it appears in
make: *** [src/subdir.mk:26: src/main.o] Error 1
22:21:47 **** Auto Build of configuration Debug for project Casio_watch ****
make pre-build main-build 
a9-linaro-pre-build-step
 
Building file: ../src/main.c
Invoking: ARM v7 gcc compiler
arm-none-eabi-gcc -Wall -O0 -g3 -c -fmessage-length=0 -MT"src/main.o" -mcpu=cortex-a9 -mfpu=vfpv3 -mfloat-abi=hard -I../../Casio_watch_bsp/ps7_cortexa9_0/include -MMD -MP -MF"src/main.d" -MT"src/main.o" -o "src/main.o" "../src/main.c"
In file included from ../src/main.c:32:0:
../../Casio_watch_bsp/ps7_cortexa9_0/include/xtime_l.h:89:9: note: #pragma message: For the sleep routines, Global timer is being used
 #pragma message ("For the sleep routines, Global timer is being used")
         ^~~~~~~
Finished building: ../src/main.c
 
Building target: Casio_watch.elf
Invoking: ARM v7 gcc linker
arm-none-eabi-gcc -mcpu=cortex-a9 -mfpu=vfpv3 -mfloat-abi=hard -Wl,-build-id=none -specs=Xilinx.spec -Wl,-T -Wl,../src/lscript.ld -L../../Casio_watch_bsp/ps7_cortexa9_0/lib -o "Casio_watch.elf" ./src/main.o ./src/watch_functions.o   -Wl,--start-group,-lxil,-lgcc,-lc,--end-group
Finished building target: Casio_watch.elf
 
Invoking: ARM v7 Print Size
arm-none-eabi-size Casio_watch.elf  |tee "Casio_watch.elf.size"
   text	   data	    bss	    dec	    hex	filename
  44976	   2816	  23168	  70960	  11530	Casio_watch.elf
Finished building: Casio_watch.elf.size
 
22:21:53 **** Incremental Build of configuration Debug for project Casio_watch ****
make pre-build main-build 
a9-linaro-pre-build-step
 
make: Nothing to be done for 'main-build'.
22:23:01 **** Auto Build of configuration Debug for project Casio_watch ****
make pre-build main-build 
a9-linaro-pre-build-step
 
Building file: ../src/watch_functions.c
Invoking: ARM v7 gcc compiler
arm-none-eabi-gcc -Wall -O0 -g3 -c -fmessage-length=0 -MT"src/watch_functions.o" -mcpu=cortex-a9 -mfpu=vfpv3 -mfloat-abi=hard -I../../Casio_watch_bsp/ps7_cortexa9_0/include -MMD -MP -MF"src/watch_functions.d" -MT"src/watch_functions.o" -o "src/watch_functions.o" "../src/watch_functions.c"
In file included from ../src/watch_functions.c:16:0:
../../Casio_watch_bsp/ps7_cortexa9_0/include/xtime_l.h:89:9: note: #pragma message: For the sleep routines, Global timer is being used
 #pragma message ("For the sleep routines, Global timer is being used")
         ^~~~~~~
../src/watch_functions.c:610:5: error: conflicting types for 'displayStopWatch'
 int displayStopWatch(int sWMs1){
     ^~~~~~~~~~~~~~~~
In file included from ../src/watch_functions.c:18:0:
../src/watch_functions.h:17:6: note: previous declaration of 'displayStopWatch' was here
 void displayStopWatch(int sWMs1);
      ^~~~~~~~~~~~~~~~
../src/watch_functions.c: In function 'displayStopWatch':
../src/watch_functions.c:838:1: error: expected ';' before '}' token
 }
 ^
make: *** [src/subdir.mk:26: src/watch_functions.o] Error 1
22:23:15 **** Auto Build of configuration Debug for project Casio_watch ****
make pre-build main-build 
a9-linaro-pre-build-step
 
Building file: ../src/main.c
Invoking: ARM v7 gcc compiler
arm-none-eabi-gcc -Wall -O0 -g3 -c -fmessage-length=0 -MT"src/main.o" -mcpu=cortex-a9 -mfpu=vfpv3 -mfloat-abi=hard -I../../Casio_watch_bsp/ps7_cortexa9_0/include -MMD -MP -MF"src/main.d" -MT"src/main.o" -o "src/main.o" "../src/main.c"
In file included from ../src/main.c:32:0:
../../Casio_watch_bsp/ps7_cortexa9_0/include/xtime_l.h:89:9: note: #pragma message: For the sleep routines, Global timer is being used
 #pragma message ("For the sleep routines, Global timer is being used")
         ^~~~~~~
../src/main.c: In function 'TMR_Intr_Handler1':
../src/main.c:245:12: error: void value not ignored as it ought to be
   counter1 = displayStopWatch(++counter1);
            ^
make: *** [src/subdir.mk:26: src/main.o] Error 1
22:23:29 **** Auto Build of configuration Debug for project Casio_watch ****
make pre-build main-build 
a9-linaro-pre-build-step
 
Building file: ../src/main.c
Invoking: ARM v7 gcc compiler
arm-none-eabi-gcc -Wall -O0 -g3 -c -fmessage-length=0 -MT"src/main.o" -mcpu=cortex-a9 -mfpu=vfpv3 -mfloat-abi=hard -I../../Casio_watch_bsp/ps7_cortexa9_0/include -MMD -MP -MF"src/main.d" -MT"src/main.o" -o "src/main.o" "../src/main.c"
In file included from ../src/main.c:32:0:
../../Casio_watch_bsp/ps7_cortexa9_0/include/xtime_l.h:89:9: note: #pragma message: For the sleep routines, Global timer is being used
 #pragma message ("For the sleep routines, Global timer is being used")
         ^~~~~~~
Finished building: ../src/main.c
 
Building file: ../src/watch_functions.c
Invoking: ARM v7 gcc compiler
arm-none-eabi-gcc -Wall -O0 -g3 -c -fmessage-length=0 -MT"src/watch_functions.o" -mcpu=cortex-a9 -mfpu=vfpv3 -mfloat-abi=hard -I../../Casio_watch_bsp/ps7_cortexa9_0/include -MMD -MP -MF"src/watch_functions.d" -MT"src/watch_functions.o" -o "src/watch_functions.o" "../src/watch_functions.c"
In file included from ../src/watch_functions.c:16:0:
../../Casio_watch_bsp/ps7_cortexa9_0/include/xtime_l.h:89:9: note: #pragma message: For the sleep routines, Global timer is being used
 #pragma message ("For the sleep routines, Global timer is being used")
         ^~~~~~~
../src/watch_functions.c: In function 'displayStopWatch':
../src/watch_functions.c:838:1: error: expected ';' before '}' token
 }
 ^
make: *** [src/subdir.mk:26: src/watch_functions.o] Error 1
22:23:45 **** Auto Build of configuration Debug for project Casio_watch ****
make pre-build main-build 
a9-linaro-pre-build-step
 
Building file: ../src/watch_functions.c
Invoking: ARM v7 gcc compiler
arm-none-eabi-gcc -Wall -O0 -g3 -c -fmessage-length=0 -MT"src/watch_functions.o" -mcpu=cortex-a9 -mfpu=vfpv3 -mfloat-abi=hard -I../../Casio_watch_bsp/ps7_cortexa9_0/include -MMD -MP -MF"src/watch_functions.d" -MT"src/watch_functions.o" -o "src/watch_functions.o" "../src/watch_functions.c"
In file included from ../src/watch_functions.c:16:0:
../../Casio_watch_bsp/ps7_cortexa9_0/include/xtime_l.h:89:9: note: #pragma message: For the sleep routines, Global timer is being used
 #pragma message ("For the sleep routines, Global timer is being used")
         ^~~~~~~
Finished building: ../src/watch_functions.c
 
Building target: Casio_watch.elf
Invoking: ARM v7 gcc linker
arm-none-eabi-gcc -mcpu=cortex-a9 -mfpu=vfpv3 -mfloat-abi=hard -Wl,-build-id=none -specs=Xilinx.spec -Wl,-T -Wl,../src/lscript.ld -L../../Casio_watch_bsp/ps7_cortexa9_0/lib -o "Casio_watch.elf" ./src/main.o ./src/watch_functions.o   -Wl,--start-group,-lxil,-lgcc,-lc,--end-group
Finished building target: Casio_watch.elf
 
Invoking: ARM v7 Print Size
arm-none-eabi-size Casio_watch.elf  |tee "Casio_watch.elf.size"
   text	   data	    bss	    dec	    hex	filename
  44976	   2816	  23168	  70960	  11530	Casio_watch.elf
Finished building: Casio_watch.elf.size
 
22:23:59 **** Incremental Build of configuration Debug for project Casio_watch ****
make pre-build main-build 
a9-linaro-pre-build-step
 
make: Nothing to be done for 'main-build'.
22:26:04 **** Auto Build of configuration Debug for project Casio_watch ****
make pre-build main-build 
a9-linaro-pre-build-step
 
Building file: ../src/watch_functions.c
Invoking: ARM v7 gcc compiler
arm-none-eabi-gcc -Wall -O0 -g3 -c -fmessage-length=0 -MT"src/watch_functions.o" -mcpu=cortex-a9 -mfpu=vfpv3 -mfloat-abi=hard -I../../Casio_watch_bsp/ps7_cortexa9_0/include -MMD -MP -MF"src/watch_functions.d" -MT"src/watch_functions.o" -o "src/watch_functions.o" "../src/watch_functions.c"
In file included from ../src/watch_functions.c:16:0:
../../Casio_watch_bsp/ps7_cortexa9_0/include/xtime_l.h:89:9: note: #pragma message: For the sleep routines, Global timer is being used
 #pragma message ("For the sleep routines, Global timer is being used")
         ^~~~~~~
Finished building: ../src/watch_functions.c
 
Building target: Casio_watch.elf
Invoking: ARM v7 gcc linker
arm-none-eabi-gcc -mcpu=cortex-a9 -mfpu=vfpv3 -mfloat-abi=hard -Wl,-build-id=none -specs=Xilinx.spec -Wl,-T -Wl,../src/lscript.ld -L../../Casio_watch_bsp/ps7_cortexa9_0/lib -o "Casio_watch.elf" ./src/main.o ./src/watch_functions.o   -Wl,--start-group,-lxil,-lgcc,-lc,--end-group
Finished building target: Casio_watch.elf
 
Invoking: ARM v7 Print Size
arm-none-eabi-size Casio_watch.elf  |tee "Casio_watch.elf.size"
   text	   data	    bss	    dec	    hex	filename
  45000	   2816	  23168	  70984	  11548	Casio_watch.elf
Finished building: Casio_watch.elf.size
 
22:26:11 **** Incremental Build of configuration Debug for project Casio_watch ****
make pre-build main-build 
a9-linaro-pre-build-step
 
make: Nothing to be done for 'main-build'.
22:26:41 **** Auto Build of configuration Debug for project Casio_watch ****
make pre-build main-build 
a9-linaro-pre-build-step
 
Building file: ../src/watch_functions.c
Invoking: ARM v7 gcc compiler
arm-none-eabi-gcc -Wall -O0 -g3 -c -fmessage-length=0 -MT"src/watch_functions.o" -mcpu=cortex-a9 -mfpu=vfpv3 -mfloat-abi=hard -I../../Casio_watch_bsp/ps7_cortexa9_0/include -MMD -MP -MF"src/watch_functions.d" -MT"src/watch_functions.o" -o "src/watch_functions.o" "../src/watch_functions.c"
In file included from ../src/watch_functions.c:16:0:
../../Casio_watch_bsp/ps7_cortexa9_0/include/xtime_l.h:89:9: note: #pragma message: For the sleep routines, Global timer is being used
 #pragma message ("For the sleep routines, Global timer is being used")
         ^~~~~~~
Finished building: ../src/watch_functions.c
 
Building target: Casio_watch.elf
Invoking: ARM v7 gcc linker
arm-none-eabi-gcc -mcpu=cortex-a9 -mfpu=vfpv3 -mfloat-abi=hard -Wl,-build-id=none -specs=Xilinx.spec -Wl,-T -Wl,../src/lscript.ld -L../../Casio_watch_bsp/ps7_cortexa9_0/lib -o "Casio_watch.elf" ./src/main.o ./src/watch_functions.o   -Wl,--start-group,-lxil,-lgcc,-lc,--end-group
Finished building target: Casio_watch.elf
 
Invoking: ARM v7 Print Size
arm-none-eabi-size Casio_watch.elf  |tee "Casio_watch.elf.size"
   text	   data	    bss	    dec	    hex	filename
  44984	   2816	  23168	  70968	  11538	Casio_watch.elf
Finished building: Casio_watch.elf.size
 
22:26:45 **** Auto Build of configuration Debug for project Casio_watch ****
make pre-build main-build 
a9-linaro-pre-build-step
 
Building file: ../src/watch_functions.c
Invoking: ARM v7 gcc compiler
arm-none-eabi-gcc -Wall -O0 -g3 -c -fmessage-length=0 -MT"src/watch_functions.o" -mcpu=cortex-a9 -mfpu=vfpv3 -mfloat-abi=hard -I../../Casio_watch_bsp/ps7_cortexa9_0/include -MMD -MP -MF"src/watch_functions.d" -MT"src/watch_functions.o" -o "src/watch_functions.o" "../src/watch_functions.c"
In file included from ../src/watch_functions.c:16:0:
../../Casio_watch_bsp/ps7_cortexa9_0/include/xtime_l.h:89:9: note: #pragma message: For the sleep routines, Global timer is being used
 #pragma message ("For the sleep routines, Global timer is being used")
         ^~~~~~~
Finished building: ../src/watch_functions.c
 
Building target: Casio_watch.elf
Invoking: ARM v7 gcc linker
arm-none-eabi-gcc -mcpu=cortex-a9 -mfpu=vfpv3 -mfloat-abi=hard -Wl,-build-id=none -specs=Xilinx.spec -Wl,-T -Wl,../src/lscript.ld -L../../Casio_watch_bsp/ps7_cortexa9_0/lib -o "Casio_watch.elf" ./src/main.o ./src/watch_functions.o   -Wl,--start-group,-lxil,-lgcc,-lc,--end-group
Finished building target: Casio_watch.elf
 
Invoking: ARM v7 Print Size
arm-none-eabi-size Casio_watch.elf  |tee "Casio_watch.elf.size"
   text	   data	    bss	    dec	    hex	filename
  44988	   2816	  23168	  70972	  1153c	Casio_watch.elf
Finished building: Casio_watch.elf.size
 
22:27:46 **** Incremental Build of configuration Debug for project Casio_watch ****
make pre-build main-build 
a9-linaro-pre-build-step
 
make: Nothing to be done for 'main-build'.
22:28:21 **** Auto Build of configuration Debug for project Casio_watch ****
make pre-build main-build 
a9-linaro-pre-build-step
 
Building file: ../src/main.c
Invoking: ARM v7 gcc compiler
arm-none-eabi-gcc -Wall -O0 -g3 -c -fmessage-length=0 -MT"src/main.o" -mcpu=cortex-a9 -mfpu=vfpv3 -mfloat-abi=hard -I../../Casio_watch_bsp/ps7_cortexa9_0/include -MMD -MP -MF"src/main.d" -MT"src/main.o" -o "src/main.o" "../src/main.c"
In file included from ../src/main.c:32:0:
../../Casio_watch_bsp/ps7_cortexa9_0/include/xtime_l.h:89:9: note: #pragma message: For the sleep routines, Global timer is being used
 #pragma message ("For the sleep routines, Global timer is being used")
         ^~~~~~~
Finished building: ../src/main.c
 
Building target: Casio_watch.elf
Invoking: ARM v7 gcc linker
arm-none-eabi-gcc -mcpu=cortex-a9 -mfpu=vfpv3 -mfloat-abi=hard -Wl,-build-id=none -specs=Xilinx.spec -Wl,-T -Wl,../src/lscript.ld -L../../Casio_watch_bsp/ps7_cortexa9_0/lib -o "Casio_watch.elf" ./src/main.o ./src/watch_functions.o   -Wl,--start-group,-lxil,-lgcc,-lc,--end-group
Finished building target: Casio_watch.elf
 
Invoking: ARM v7 Print Size
arm-none-eabi-size Casio_watch.elf  |tee "Casio_watch.elf.size"
   text	   data	    bss	    dec	    hex	filename
  44988	   2816	  23168	  70972	  1153c	Casio_watch.elf
Finished building: Casio_watch.elf.size
 
22:28:43 **** Incremental Build of configuration Debug for project Casio_watch ****
make pre-build main-build 
a9-linaro-pre-build-step
 
make: Nothing to be done for 'main-build'.
22:29:22 **** Auto Build of configuration Debug for project Casio_watch ****
make pre-build main-build 
a9-linaro-pre-build-step
 
Building file: ../src/main.c
Invoking: ARM v7 gcc compiler
arm-none-eabi-gcc -Wall -O0 -g3 -c -fmessage-length=0 -MT"src/main.o" -mcpu=cortex-a9 -mfpu=vfpv3 -mfloat-abi=hard -I../../Casio_watch_bsp/ps7_cortexa9_0/include -MMD -MP -MF"src/main.d" -MT"src/main.o" -o "src/main.o" "../src/main.c"
In file included from ../src/main.c:32:0:
../../Casio_watch_bsp/ps7_cortexa9_0/include/xtime_l.h:89:9: note: #pragma message: For the sleep routines, Global timer is being used
 #pragma message ("For the sleep routines, Global timer is being used")
         ^~~~~~~
Finished building: ../src/main.c
 
Building target: Casio_watch.elf
Invoking: ARM v7 gcc linker
arm-none-eabi-gcc -mcpu=cortex-a9 -mfpu=vfpv3 -mfloat-abi=hard -Wl,-build-id=none -specs=Xilinx.spec -Wl,-T -Wl,../src/lscript.ld -L../../Casio_watch_bsp/ps7_cortexa9_0/lib -o "Casio_watch.elf" ./src/main.o ./src/watch_functions.o   -Wl,--start-group,-lxil,-lgcc,-lc,--end-group
Finished building target: Casio_watch.elf
 
Invoking: ARM v7 Print Size
arm-none-eabi-size Casio_watch.elf  |tee "Casio_watch.elf.size"
   text	   data	    bss	    dec	    hex	filename
  44988	   2816	  23168	  70972	  1153c	Casio_watch.elf
Finished building: Casio_watch.elf.size
 
22:29:29 **** Incremental Build of configuration Debug for project Casio_watch ****
make pre-build main-build 
a9-linaro-pre-build-step
 
make: Nothing to be done for 'main-build'.
22:30:00 **** Auto Build of configuration Debug for project Casio_watch ****
make pre-build main-build 
a9-linaro-pre-build-step
 
Building file: ../src/main.c
Invoking: ARM v7 gcc compiler
arm-none-eabi-gcc -Wall -O0 -g3 -c -fmessage-length=0 -MT"src/main.o" -mcpu=cortex-a9 -mfpu=vfpv3 -mfloat-abi=hard -I../../Casio_watch_bsp/ps7_cortexa9_0/include -MMD -MP -MF"src/main.d" -MT"src/main.o" -o "src/main.o" "../src/main.c"
In file included from ../src/main.c:32:0:
../../Casio_watch_bsp/ps7_cortexa9_0/include/xtime_l.h:89:9: note: #pragma message: For the sleep routines, Global timer is being used
 #pragma message ("For the sleep routines, Global timer is being used")
         ^~~~~~~
Finished building: ../src/main.c
 
Building target: Casio_watch.elf
Invoking: ARM v7 gcc linker
arm-none-eabi-gcc -mcpu=cortex-a9 -mfpu=vfpv3 -mfloat-abi=hard -Wl,-build-id=none -specs=Xilinx.spec -Wl,-T -Wl,../src/lscript.ld -L../../Casio_watch_bsp/ps7_cortexa9_0/lib -o "Casio_watch.elf" ./src/main.o ./src/watch_functions.o   -Wl,--start-group,-lxil,-lgcc,-lc,--end-group
Finished building target: Casio_watch.elf
 
Invoking: ARM v7 Print Size
arm-none-eabi-size Casio_watch.elf  |tee "Casio_watch.elf.size"
   text	   data	    bss	    dec	    hex	filename
  44988	   2816	  23168	  70972	  1153c	Casio_watch.elf
Finished building: Casio_watch.elf.size
 
22:30:11 **** Incremental Build of configuration Debug for project Casio_watch ****
make pre-build main-build 
a9-linaro-pre-build-step
 
make: Nothing to be done for 'main-build'.
22:30:25 **** Incremental Build of configuration Debug for project Casio_watch ****
make pre-build main-build 
a9-linaro-pre-build-step
 
make: Nothing to be done for 'main-build'.
22:31:43 **** Auto Build of configuration Debug for project Casio_watch ****
make pre-build main-build 
a9-linaro-pre-build-step
 
Building file: ../src/main.c
Invoking: ARM v7 gcc compiler
arm-none-eabi-gcc -Wall -O0 -g3 -c -fmessage-length=0 -MT"src/main.o" -mcpu=cortex-a9 -mfpu=vfpv3 -mfloat-abi=hard -I../../Casio_watch_bsp/ps7_cortexa9_0/include -MMD -MP -MF"src/main.d" -MT"src/main.o" -o "src/main.o" "../src/main.c"
In file included from ../src/main.c:32:0:
../../Casio_watch_bsp/ps7_cortexa9_0/include/xtime_l.h:89:9: note: #pragma message: For the sleep routines, Global timer is being used
 #pragma message ("For the sleep routines, Global timer is being used")
         ^~~~~~~
Finished building: ../src/main.c
 
Building target: Casio_watch.elf
Invoking: ARM v7 gcc linker
arm-none-eabi-gcc -mcpu=cortex-a9 -mfpu=vfpv3 -mfloat-abi=hard -Wl,-build-id=none -specs=Xilinx.spec -Wl,-T -Wl,../src/lscript.ld -L../../Casio_watch_bsp/ps7_cortexa9_0/lib -o "Casio_watch.elf" ./src/main.o ./src/watch_functions.o   -Wl,--start-group,-lxil,-lgcc,-lc,--end-group
Finished building target: Casio_watch.elf
 
Invoking: ARM v7 Print Size
arm-none-eabi-size Casio_watch.elf  |tee "Casio_watch.elf.size"
   text	   data	    bss	    dec	    hex	filename
  45052	   2816	  23168	  71036	  1157c	Casio_watch.elf
Finished building: Casio_watch.elf.size
 
22:31:51 **** Incremental Build of configuration Debug for project Casio_watch ****
make pre-build main-build 
a9-linaro-pre-build-step
 
make: Nothing to be done for 'main-build'.
22:32:52 **** Auto Build of configuration Debug for project Casio_watch ****
make pre-build main-build 
a9-linaro-pre-build-step
 
Building file: ../src/main.c
Invoking: ARM v7 gcc compiler
arm-none-eabi-gcc -Wall -O0 -g3 -c -fmessage-length=0 -MT"src/main.o" -mcpu=cortex-a9 -mfpu=vfpv3 -mfloat-abi=hard -I../../Casio_watch_bsp/ps7_cortexa9_0/include -MMD -MP -MF"src/main.d" -MT"src/main.o" -o "src/main.o" "../src/main.c"
In file included from ../src/main.c:32:0:
../../Casio_watch_bsp/ps7_cortexa9_0/include/xtime_l.h:89:9: note: #pragma message: For the sleep routines, Global timer is being used
 #pragma message ("For the sleep routines, Global timer is being used")
         ^~~~~~~
Finished building: ../src/main.c
 
Building target: Casio_watch.elf
Invoking: ARM v7 gcc linker
arm-none-eabi-gcc -mcpu=cortex-a9 -mfpu=vfpv3 -mfloat-abi=hard -Wl,-build-id=none -specs=Xilinx.spec -Wl,-T -Wl,../src/lscript.ld -L../../Casio_watch_bsp/ps7_cortexa9_0/lib -o "Casio_watch.elf" ./src/main.o ./src/watch_functions.o   -Wl,--start-group,-lxil,-lgcc,-lc,--end-group
Finished building target: Casio_watch.elf
 
Invoking: ARM v7 Print Size
arm-none-eabi-size Casio_watch.elf  |tee "Casio_watch.elf.size"
   text	   data	    bss	    dec	    hex	filename
  45052	   2816	  23168	  71036	  1157c	Casio_watch.elf
Finished building: Casio_watch.elf.size
 
22:33:11 **** Incremental Build of configuration Debug for project Casio_watch ****
make pre-build main-build 
a9-linaro-pre-build-step
 
make: Nothing to be done for 'main-build'.
22:33:27 **** Incremental Build of configuration Debug for project Casio_watch ****
make pre-build main-build 
a9-linaro-pre-build-step
 
make: Nothing to be done for 'main-build'.
22:35:20 **** Auto Build of configuration Debug for project Casio_watch ****
make pre-build main-build 
a9-linaro-pre-build-step
 
Building file: ../src/main.c
Invoking: ARM v7 gcc compiler
arm-none-eabi-gcc -Wall -O0 -g3 -c -fmessage-length=0 -MT"src/main.o" -mcpu=cortex-a9 -mfpu=vfpv3 -mfloat-abi=hard -I../../Casio_watch_bsp/ps7_cortexa9_0/include -MMD -MP -MF"src/main.d" -MT"src/main.o" -o "src/main.o" "../src/main.c"
In file included from ../src/main.c:32:0:
../../Casio_watch_bsp/ps7_cortexa9_0/include/xtime_l.h:89:9: note: #pragma message: For the sleep routines, Global timer is being used
 #pragma message ("For the sleep routines, Global timer is being used")
         ^~~~~~~
../src/main.c: In function 'TMR_Intr_Handler':
../src/main.c:199:2: warning: enumeration value 'stopWatch' not handled in switch [-Wswitch]
  switch(state){
  ^~~~~~
Finished building: ../src/main.c
 
Building target: Casio_watch.elf
Invoking: ARM v7 gcc linker
arm-none-eabi-gcc -mcpu=cortex-a9 -mfpu=vfpv3 -mfloat-abi=hard -Wl,-build-id=none -specs=Xilinx.spec -Wl,-T -Wl,../src/lscript.ld -L../../Casio_watch_bsp/ps7_cortexa9_0/lib -o "Casio_watch.elf" ./src/main.o ./src/watch_functions.o   -Wl,--start-group,-lxil,-lgcc,-lc,--end-group
Finished building target: Casio_watch.elf
 
Invoking: ARM v7 Print Size
arm-none-eabi-size Casio_watch.elf  |tee "Casio_watch.elf.size"
   text	   data	    bss	    dec	    hex	filename
  44936	   2816	  23168	  70920	  11508	Casio_watch.elf
Finished building: Casio_watch.elf.size
 
22:35:25 **** Auto Build of configuration Debug for project Casio_watch ****
make pre-build main-build 
a9-linaro-pre-build-step
 
Building file: ../src/main.c
Invoking: ARM v7 gcc compiler
[...]
Finished building: Casio_watch.elf.size
 
15:30:05 **** Incremental Build of configuration Debug for project Casio_watch ****
make pre-build main-build 
a9-linaro-pre-build-step
 
make: Nothing to be done for 'main-build'.
15:33:44 **** Auto Build of configuration Debug for project Casio_watch ****
make pre-build main-build 
a9-linaro-pre-build-step
 
Building file: ../src/watch_functions.c
Invoking: ARM v7 gcc compiler
arm-none-eabi-gcc -Wall -O0 -g3 -c -fmessage-length=0 -MT"src/watch_functions.o" -mcpu=cortex-a9 -mfpu=vfpv3 -mfloat-abi=hard -I../../Casio_watch_bsp/ps7_cortexa9_0/include -MMD -MP -MF"src/watch_functions.d" -MT"src/watch_functions.o" -o "src/watch_functions.o" "../src/watch_functions.c"
In file included from ../src/watch_functions.c:16:0:
../../Casio_watch_bsp/ps7_cortexa9_0/include/xtime_l.h:89:9: note: #pragma message: For the sleep routines, Global timer is being used
 #pragma message ("For the sleep routines, Global timer is being used")
         ^~~~~~~
../src/watch_functions.c: In function 'startStopWatch':
../src/watch_functions.c:292:1: warning: control reaches end of non-void function [-Wreturn-type]
 }
 ^
Finished building: ../src/watch_functions.c
 
Building target: Casio_watch.elf
Invoking: ARM v7 gcc linker
arm-none-eabi-gcc -mcpu=cortex-a9 -mfpu=vfpv3 -mfloat-abi=hard -Wl,-build-id=none -specs=Xilinx.spec -Wl,-T -Wl,../src/lscript.ld -L../../Casio_watch_bsp/ps7_cortexa9_0/lib -o "Casio_watch.elf" ./src/main.o ./src/watch_functions.o   -Wl,--start-group,-lxil,-lgcc,-lc,--end-group
Finished building target: Casio_watch.elf
 
Invoking: ARM v7 Print Size
arm-none-eabi-size Casio_watch.elf  |tee "Casio_watch.elf.size"
   text	   data	    bss	    dec	    hex	filename
  47760	   2816	  23248	  73824	  12060	Casio_watch.elf
Finished building: Casio_watch.elf.size
 
15:33:54 **** Incremental Build of configuration Debug for project Casio_watch ****
make pre-build main-build 
a9-linaro-pre-build-step
 
make: Nothing to be done for 'main-build'.
16:14:49 **** Auto Build of configuration Debug for project Casio_watch ****
make pre-build main-build 
a9-linaro-pre-build-step
 
Building file: ../src/watch_functions.c
Invoking: ARM v7 gcc compiler
arm-none-eabi-gcc -Wall -O0 -g3 -c -fmessage-length=0 -MT"src/watch_functions.o" -mcpu=cortex-a9 -mfpu=vfpv3 -mfloat-abi=hard -I../../Casio_watch_bsp/ps7_cortexa9_0/include -MMD -MP -MF"src/watch_functions.d" -MT"src/watch_functions.o" -o "src/watch_functions.o" "../src/watch_functions.c"
In file included from ../src/watch_functions.c:16:0:
../../Casio_watch_bsp/ps7_cortexa9_0/include/xtime_l.h:89:9: note: #pragma message: For the sleep routines, Global timer is being used
 #pragma message ("For the sleep routines, Global timer is being used")
         ^~~~~~~
../src/watch_functions.c: In function 'startStopWatch':
../src/watch_functions.c:275:1: warning: control reaches end of non-void function [-Wreturn-type]
 }
 ^
Finished building: ../src/watch_functions.c
 
Building target: Casio_watch.elf
Invoking: ARM v7 gcc linker
arm-none-eabi-gcc -mcpu=cortex-a9 -mfpu=vfpv3 -mfloat-abi=hard -Wl,-build-id=none -specs=Xilinx.spec -Wl,-T -Wl,../src/lscript.ld -L../../Casio_watch_bsp/ps7_cortexa9_0/lib -o "Casio_watch.elf" ./src/main.o ./src/watch_functions.o   -Wl,--start-group,-lxil,-lgcc,-lc,--end-group
Finished building target: Casio_watch.elf
 
Invoking: ARM v7 Print Size
arm-none-eabi-size Casio_watch.elf  |tee "Casio_watch.elf.size"
   text	   data	    bss	    dec	    hex	filename
  47432	   2816	  23248	  73496	  11f18	Casio_watch.elf
Finished building: Casio_watch.elf.size
 
16:15:07 **** Auto Build of configuration Debug for project Casio_watch ****
make pre-build main-build 
a9-linaro-pre-build-step
 
Building file: ../src/watch_functions.c
Invoking: ARM v7 gcc compiler
arm-none-eabi-gcc -Wall -O0 -g3 -c -fmessage-length=0 -MT"src/watch_functions.o" -mcpu=cortex-a9 -mfpu=vfpv3 -mfloat-abi=hard -I../../Casio_watch_bsp/ps7_cortexa9_0/include -MMD -MP -MF"src/watch_functions.d" -MT"src/watch_functions.o" -o "src/watch_functions.o" "../src/watch_functions.c"
In file included from ../src/watch_functions.c:16:0:
../../Casio_watch_bsp/ps7_cortexa9_0/include/xtime_l.h:89:9: note: #pragma message: For the sleep routines, Global timer is being used
 #pragma message ("For the sleep routines, Global timer is being used")
         ^~~~~~~
../src/watch_functions.c: In function 'startStopWatch':
../src/watch_functions.c:267:1: warning: control reaches end of non-void function [-Wreturn-type]
 }
 ^
Finished building: ../src/watch_functions.c
 
Building target: Casio_watch.elf
Invoking: ARM v7 gcc linker
arm-none-eabi-gcc -mcpu=cortex-a9 -mfpu=vfpv3 -mfloat-abi=hard -Wl,-build-id=none -specs=Xilinx.spec -Wl,-T -Wl,../src/lscript.ld -L../../Casio_watch_bsp/ps7_cortexa9_0/lib -o "Casio_watch.elf" ./src/main.o ./src/watch_functions.o   -Wl,--start-group,-lxil,-lgcc,-lc,--end-group
Finished building target: Casio_watch.elf
 
Invoking: ARM v7 Print Size
arm-none-eabi-size Casio_watch.elf  |tee "Casio_watch.elf.size"
   text	   data	    bss	    dec	    hex	filename
  47304	   2816	  23248	  73368	  11e98	Casio_watch.elf
Finished building: Casio_watch.elf.size
 
16:16:19 **** Auto Build of configuration Debug for project Casio_watch ****
make pre-build main-build 
a9-linaro-pre-build-step
 
Building file: ../src/watch_functions.c
Invoking: ARM v7 gcc compiler
arm-none-eabi-gcc -Wall -O0 -g3 -c -fmessage-length=0 -MT"src/watch_functions.o" -mcpu=cortex-a9 -mfpu=vfpv3 -mfloat-abi=hard -I../../Casio_watch_bsp/ps7_cortexa9_0/include -MMD -MP -MF"src/watch_functions.d" -MT"src/watch_functions.o" -o "src/watch_functions.o" "../src/watch_functions.c"
In file included from ../src/watch_functions.c:16:0:
../../Casio_watch_bsp/ps7_cortexa9_0/include/xtime_l.h:89:9: note: #pragma message: For the sleep routines, Global timer is being used
 #pragma message ("For the sleep routines, Global timer is being used")
         ^~~~~~~
../src/watch_functions.c: In function 'startStopWatch':
../src/watch_functions.c:267:1: warning: control reaches end of non-void function [-Wreturn-type]
 }
 ^
Finished building: ../src/watch_functions.c
 
Building target: Casio_watch.elf
Invoking: ARM v7 gcc linker
arm-none-eabi-gcc -mcpu=cortex-a9 -mfpu=vfpv3 -mfloat-abi=hard -Wl,-build-id=none -specs=Xilinx.spec -Wl,-T -Wl,../src/lscript.ld -L../../Casio_watch_bsp/ps7_cortexa9_0/lib -o "Casio_watch.elf" ./src/main.o ./src/watch_functions.o   -Wl,--start-group,-lxil,-lgcc,-lc,--end-group
Finished building target: Casio_watch.elf
 
Invoking: ARM v7 Print Size
arm-none-eabi-size Casio_watch.elf  |tee "Casio_watch.elf.size"
   text	   data	    bss	    dec	    hex	filename
  47368	   2816	  23248	  73432	  11ed8	Casio_watch.elf
Finished building: Casio_watch.elf.size
 
16:16:38 **** Incremental Build of configuration Debug for project Casio_watch ****
make pre-build main-build 
a9-linaro-pre-build-step
 
make: Nothing to be done for 'main-build'.
16:19:17 **** Auto Build of configuration Debug for project Casio_watch ****
make pre-build main-build 
a9-linaro-pre-build-step
 
Building file: ../src/watch_functions.c
Invoking: ARM v7 gcc compiler
arm-none-eabi-gcc -Wall -O0 -g3 -c -fmessage-length=0 -MT"src/watch_functions.o" -mcpu=cortex-a9 -mfpu=vfpv3 -mfloat-abi=hard -I../../Casio_watch_bsp/ps7_cortexa9_0/include -MMD -MP -MF"src/watch_functions.d" -MT"src/watch_functions.o" -o "src/watch_functions.o" "../src/watch_functions.c"
In file included from ../src/watch_functions.c:16:0:
../../Casio_watch_bsp/ps7_cortexa9_0/include/xtime_l.h:89:9: note: #pragma message: For the sleep routines, Global timer is being used
 #pragma message ("For the sleep routines, Global timer is being used")
         ^~~~~~~
../src/watch_functions.c: In function 'startStopWatch':
../src/watch_functions.c:244:1: warning: control reaches end of non-void function [-Wreturn-type]
 }
 ^
Finished building: ../src/watch_functions.c
 
Building target: Casio_watch.elf
Invoking: ARM v7 gcc linker
arm-none-eabi-gcc -mcpu=cortex-a9 -mfpu=vfpv3 -mfloat-abi=hard -Wl,-build-id=none -specs=Xilinx.spec -Wl,-T -Wl,../src/lscript.ld -L../../Casio_watch_bsp/ps7_cortexa9_0/lib -o "Casio_watch.elf" ./src/main.o ./src/watch_functions.o   -Wl,--start-group,-lxil,-lgcc,-lc,--end-group
Finished building target: Casio_watch.elf
 
Invoking: ARM v7 Print Size
arm-none-eabi-size Casio_watch.elf  |tee "Casio_watch.elf.size"
   text	   data	    bss	    dec	    hex	filename
  47088	   2816	  23248	  73152	  11dc0	Casio_watch.elf
Finished building: Casio_watch.elf.size
 
16:20:23 **** Auto Build of configuration Debug for project Casio_watch ****
make pre-build main-build 
a9-linaro-pre-build-step
 
Building file: ../src/watch_functions.c
Invoking: ARM v7 gcc compiler
arm-none-eabi-gcc -Wall -O0 -g3 -c -fmessage-length=0 -MT"src/watch_functions.o" -mcpu=cortex-a9 -mfpu=vfpv3 -mfloat-abi=hard -I../../Casio_watch_bsp/ps7_cortexa9_0/include -MMD -MP -MF"src/watch_functions.d" -MT"src/watch_functions.o" -o "src/watch_functions.o" "../src/watch_functions.c"
In file included from ../src/watch_functions.c:16:0:
../../Casio_watch_bsp/ps7_cortexa9_0/include/xtime_l.h:89:9: note: #pragma message: For the sleep routines, Global timer is being used
 #pragma message ("For the sleep routines, Global timer is being used")
         ^~~~~~~
../src/watch_functions.c: In function 'setTime':
../src/watch_functions.c:189:11: error: 'SettingStates' undeclared (first use in this function)
    switch(SettingStates){
           ^~~~~~~~~~~~~
../src/watch_functions.c:189:11: note: each undeclared identifier is reported only once for each function it appears in
../src/watch_functions.c: In function 'startStopWatch':
../src/watch_functions.c:249:1: warning: control reaches end of non-void function [-Wreturn-type]
 }
 ^
make: *** [src/subdir.mk:26: src/watch_functions.o] Error 1
16:20:29 **** Auto Build of configuration Debug for project Casio_watch ****
make pre-build main-build 
a9-linaro-pre-build-step
 
Building file: ../src/watch_functions.c
Invoking: ARM v7 gcc compiler
arm-none-eabi-gcc -Wall -O0 -g3 -c -fmessage-length=0 -MT"src/watch_functions.o" -mcpu=cortex-a9 -mfpu=vfpv3 -mfloat-abi=hard -I../../Casio_watch_bsp/ps7_cortexa9_0/include -MMD -MP -MF"src/watch_functions.d" -MT"src/watch_functions.o" -o "src/watch_functions.o" "../src/watch_functions.c"
In file included from ../src/watch_functions.c:16:0:
../../Casio_watch_bsp/ps7_cortexa9_0/include/xtime_l.h:89:9: note: #pragma message: For the sleep routines, Global timer is being used
 #pragma message ("For the sleep routines, Global timer is being used")
         ^~~~~~~
../src/watch_functions.c: In function 'setTime':
../src/watch_functions.c:189:4: warning: enumeration value 'hour' not handled in switch [-Wswitch]
    switch(settingStates){
    ^~~~~~
../src/watch_functions.c:189:4: warning: enumeration value 'minute' not handled in switch [-Wswitch]
../src/watch_functions.c: In function 'startStopWatch':
../src/watch_functions.c:249:1: warning: control reaches end of non-void function [-Wreturn-type]
 }
 ^
Finished building: ../src/watch_functions.c
 
Building target: Casio_watch.elf
Invoking: ARM v7 gcc linker
arm-none-eabi-gcc -mcpu=cortex-a9 -mfpu=vfpv3 -mfloat-abi=hard -Wl,-build-id=none -specs=Xilinx.spec -Wl,-T -Wl,../src/lscript.ld -L../../Casio_watch_bsp/ps7_cortexa9_0/lib -o "Casio_watch.elf" ./src/main.o ./src/watch_functions.o   -Wl,--start-group,-lxil,-lgcc,-lc,--end-group
Finished building target: Casio_watch.elf
 
Invoking: ARM v7 Print Size
arm-none-eabi-size Casio_watch.elf  |tee "Casio_watch.elf.size"
   text	   data	    bss	    dec	    hex	filename
  47088	   2816	  23248	  73152	  11dc0	Casio_watch.elf
Finished building: Casio_watch.elf.size
 
16:22:21 **** Auto Build of configuration Debug for project Casio_watch ****
make pre-build main-build 
a9-linaro-pre-build-step
 
Building file: ../src/watch_functions.c
Invoking: ARM v7 gcc compiler
arm-none-eabi-gcc -Wall -O0 -g3 -c -fmessage-length=0 -MT"src/watch_functions.o" -mcpu=cortex-a9 -mfpu=vfpv3 -mfloat-abi=hard -I../../Casio_watch_bsp/ps7_cortexa9_0/include -MMD -MP -MF"src/watch_functions.d" -MT"src/watch_functions.o" -o "src/watch_functions.o" "../src/watch_functions.c"
In file included from ../src/watch_functions.c:16:0:
../../Casio_watch_bsp/ps7_cortexa9_0/include/xtime_l.h:89:9: note: #pragma message: For the sleep routines, Global timer is being used
 #pragma message ("For the sleep routines, Global timer is being used")
         ^~~~~~~
../src/watch_functions.c: In function 'setTime':
../src/watch_functions.c:189:4: warning: enumeration value 'hour' not handled in switch [-Wswitch]
    switch(settingStates){
    ^~~~~~
../src/watch_functions.c: In function 'startStopWatch':
../src/watch_functions.c:266:1: warning: control reaches end of non-void function [-Wreturn-type]
 }
 ^
Finished building: ../src/watch_functions.c
 
Building target: Casio_watch.elf
Invoking: ARM v7 gcc linker
arm-none-eabi-gcc -mcpu=cortex-a9 -mfpu=vfpv3 -mfloat-abi=hard -Wl,-build-id=none -specs=Xilinx.spec -Wl,-T -Wl,../src/lscript.ld -L../../Casio_watch_bsp/ps7_cortexa9_0/lib -o "Casio_watch.elf" ./src/main.o ./src/watch_functions.o   -Wl,--start-group,-lxil,-lgcc,-lc,--end-group
Finished building target: Casio_watch.elf
 
Invoking: ARM v7 Print Size
arm-none-eabi-size Casio_watch.elf  |tee "Casio_watch.elf.size"
   text	   data	    bss	    dec	    hex	filename
  47408	   2816	  23248	  73472	  11f00	Casio_watch.elf
Finished building: Casio_watch.elf.size
 
16:23:04 **** Auto Build of configuration Debug for project Casio_watch ****
make pre-build main-build 
a9-linaro-pre-build-step
 
Building file: ../src/watch_functions.c
Invoking: ARM v7 gcc compiler
arm-none-eabi-gcc -Wall -O0 -g3 -c -fmessage-length=0 -MT"src/watch_functions.o" -mcpu=cortex-a9 -mfpu=vfpv3 -mfloat-abi=hard -I../../Casio_watch_bsp/ps7_cortexa9_0/include -MMD -MP -MF"src/watch_functions.d" -MT"src/watch_functions.o" -o "src/watch_functions.o" "../src/watch_functions.c"
In file included from ../src/watch_functions.c:16:0:
../../Casio_watch_bsp/ps7_cortexa9_0/include/xtime_l.h:89:9: note: #pragma message: For the sleep routines, Global timer is being used
 #pragma message ("For the sleep routines, Global timer is being used")
         ^~~~~~~
../src/watch_functions.c: In function 'setTime':
../src/watch_functions.c:215:11: error: lvalue required as left operand of assignment
       hour+=2;
           ^~
../src/watch_functions.c:234:28: error: 'hour11' undeclared (first use in this function); did you mean 'hour1'?
       sec1 = displayNumber(hour11+=2, LEDs);
                            ^~~~~~
                            hour1
../src/watch_functions.c:234:28: note: each undeclared identifier is reported only once for each function it appears in
../src/watch_functions.c: In function 'startStopWatch':
../src/watch_functions.c:284:1: warning: control reaches end of non-void function [-Wreturn-type]
 }
 ^
make: *** [src/subdir.mk:26: src/watch_functions.o] Error 1
16:23:07 **** Auto Build of configuration Debug for project Casio_watch ****
make pre-build main-build 
a9-linaro-pre-build-step
 
Building file: ../src/watch_functions.c
Invoking: ARM v7 gcc compiler
arm-none-eabi-gcc -Wall -O0 -g3 -c -fmessage-length=0 -MT"src/watch_functions.o" -mcpu=cortex-a9 -mfpu=vfpv3 -mfloat-abi=hard -I../../Casio_watch_bsp/ps7_cortexa9_0/include -MMD -MP -MF"src/watch_functions.d" -MT"src/watch_functions.o" -o "src/watch_functions.o" "../src/watch_functions.c"
In file included from ../src/watch_functions.c:16:0:
../../Casio_watch_bsp/ps7_cortexa9_0/include/xtime_l.h:89:9: note: #pragma message: For the sleep routines, Global timer is being used
 #pragma message ("For the sleep routines, Global timer is being used")
         ^~~~~~~
../src/watch_functions.c: In function 'setTime':
../src/watch_functions.c:234:28: error: 'hour11' undeclared (first use in this function); did you mean 'hour1'?
       sec1 = displayNumber(hour11+=2, LEDs);
                            ^~~~~~
                            hour1
../src/watch_functions.c:234:28: note: each undeclared identifier is reported only once for each function it appears in
../src/watch_functions.c: In function 'startStopWatch':
../src/watch_functions.c:284:1: warning: control reaches end of non-void function [-Wreturn-type]
 }
 ^
make: *** [src/subdir.mk:26: src/watch_functions.o] Error 1
16:23:17 **** Auto Build of configuration Debug for project Casio_watch ****
make pre-build main-build 
a9-linaro-pre-build-step
 
Building file: ../src/watch_functions.c
Invoking: ARM v7 gcc compiler
arm-none-eabi-gcc -Wall -O0 -g3 -c -fmessage-length=0 -MT"src/watch_functions.o" -mcpu=cortex-a9 -mfpu=vfpv3 -mfloat-abi=hard -I../../Casio_watch_bsp/ps7_cortexa9_0/include -MMD -MP -MF"src/watch_functions.d" -MT"src/watch_functions.o" -o "src/watch_functions.o" "../src/watch_functions.c"
In file included from ../src/watch_functions.c:16:0:
../../Casio_watch_bsp/ps7_cortexa9_0/include/xtime_l.h:89:9: note: #pragma message: For the sleep routines, Global timer is being used
 #pragma message ("For the sleep routines, Global timer is being used")
         ^~~~~~~
../src/watch_functions.c: In function 'startStopWatch':
../src/watch_functions.c:285:1: warning: control reaches end of non-void function [-Wreturn-type]
 }
 ^
Finished building: ../src/watch_functions.c
 
Building target: Casio_watch.elf
Invoking: ARM v7 gcc linker
arm-none-eabi-gcc -mcpu=cortex-a9 -mfpu=vfpv3 -mfloat-abi=hard -Wl,-build-id=none -specs=Xilinx.spec -Wl,-T -Wl,../src/lscript.ld -L../../Casio_watch_bsp/ps7_cortexa9_0/lib -o "Casio_watch.elf" ./src/main.o ./src/watch_functions.o   -Wl,--start-group,-lxil,-lgcc,-lc,--end-group
Finished building target: Casio_watch.elf
 
Invoking: ARM v7 Print Size
arm-none-eabi-size Casio_watch.elf  |tee "Casio_watch.elf.size"
   text	   data	    bss	    dec	    hex	filename
  47664	   2816	  23248	  73728	  12000	Casio_watch.elf
Finished building: Casio_watch.elf.size
 
16:23:31 **** Auto Build of configuration Debug for project Casio_watch ****
make pre-build main-build 
a9-linaro-pre-build-step
 
Building file: ../src/watch_functions.c
Invoking: ARM v7 gcc compiler
arm-none-eabi-gcc -Wall -O0 -g3 -c -fmessage-length=0 -MT"src/watch_functions.o" -mcpu=cortex-a9 -mfpu=vfpv3 -mfloat-abi=hard -I../../Casio_watch_bsp/ps7_cortexa9_0/include -MMD -MP -MF"src/watch_functions.d" -MT"src/watch_functions.o" -o "src/watch_functions.o" "../src/watch_functions.c"
In file included from ../src/watch_functions.c:16:0:
../../Casio_watch_bsp/ps7_cortexa9_0/include/xtime_l.h:89:9: note: #pragma message: For the sleep routines, Global timer is being used
 #pragma message ("For the sleep routines, Global timer is being used")
         ^~~~~~~
../src/watch_functions.c: In function 'startStopWatch':
../src/watch_functions.c:285:1: warning: control reaches end of non-void function [-Wreturn-type]
 }
 ^
Finished building: ../src/watch_functions.c
 
Building target: Casio_watch.elf
Invoking: ARM v7 gcc linker
arm-none-eabi-gcc -mcpu=cortex-a9 -mfpu=vfpv3 -mfloat-abi=hard -Wl,-build-id=none -specs=Xilinx.spec -Wl,-T -Wl,../src/lscript.ld -L../../Casio_watch_bsp/ps7_cortexa9_0/lib -o "Casio_watch.elf" ./src/main.o ./src/watch_functions.o   -Wl,--start-group,-lxil,-lgcc,-lc,--end-group
Finished building target: Casio_watch.elf
 
Invoking: ARM v7 Print Size
arm-none-eabi-size Casio_watch.elf  |tee "Casio_watch.elf.size"
   text	   data	    bss	    dec	    hex	filename
  47728	   2816	  23248	  73792	  12040	Casio_watch.elf
Finished building: Casio_watch.elf.size
 
16:23:59 **** Incremental Build of configuration Debug for project Casio_watch ****
make pre-build main-build 
a9-linaro-pre-build-step
 
make: Nothing to be done for 'main-build'.
10:53:14 **** Incremental Build of configuration Debug for project Casio_watch ****
make pre-build main-build 
a9-linaro-pre-build-step
 
make: Nothing to be done for 'main-build'.
